This file contains any messages produced by compilers while
running configure, to aid debugging if configure makes a mistake.

It was created by iptables configure 1.4.2, which was
generated by GNU Autoconf 2.66.  Invocation command line was

  $ ./configure --prefix=/usr --with-xtlibdir=/usr/lib/iptables --host=mipsel

## --------- ##
## Platform. ##
## --------- ##

hostname = localhost.localdomain
uname -m = i686
uname -r = 2.6.29.4-167.fc11.i686.PAE
uname -s = Linux
uname -v = #1 SMP Wed May 27 17:28:22 EDT 2009

/usr/bin/uname -p = unknown
/bin/uname -X     = unknown

/bin/arch              = i686
/usr/bin/arch -k       = unknown
/usr/convex/getsysinfo = unknown
/usr/bin/hostinfo      = unknown
/bin/machine           = unknown
/usr/bin/oslevel       = unknown
/bin/universe          = unknown

PATH: /home/dvrf/Download/DVRF_v01/release/tools
PATH: /home/gpl/cybertan/brcm_toolchain/tools/brcm/hndtools-mipsel-linux-uclibc-4.2.3/bin
PATH: /projects/hnd/tools/linux/hndtools-mipsel-linux-uclibc-4.2.3/bin
PATH: /usr/lib/qt-3.3/bin
PATH: /usr/kerberos/sbin
PATH: /usr/kerberos/bin
PATH: /usr/lib/ccache
PATH: /usr/local/sbin
PATH: /usr/local/bin
PATH: /sbin
PATH: /bin
PATH: /usr/sbin
PATH: /usr/bin
PATH: /root/bin


## ----------- ##
## Core tests. ##
## ----------- ##

configure:2596: checking for a BSD-compatible install
configure:2664: result: /usr/bin/install -c
configure:2676: checking whether build environment is sane
configure:2713: result: yes
configure:2775: checking for gawk
configure:2791: found /bin/gawk
configure:2802: result: gawk
configure:2813: checking whether make sets $(MAKE)
configure:2835: result: yes
configure:2909: checking for mipsel-strip
configure:2936: result: mipsel-uclibc-linux26-strip
configure:3021: checking for mipsel-gcc
configure:3048: result: mipsel-uclibc-linux26-gcc
configure:3317: checking for C compiler version
configure:3326: mipsel-uclibc-linux26-gcc --version >&5
mipsel-uclibc-linux26-gcc (GCC) 4.2.3
Copyright (C) 2007 Free Software Foundation, Inc.
This is free software; see the source for copying conditions.  There is NO
warranty; not even for MERCHANTABILITY or FITNESS FOR A PARTICULAR PURPOSE.

configure:3337: $? = 0
configure:3326: mipsel-uclibc-linux26-gcc -v >&5
Using built-in specs.
Target: mipsel-linux-uclibc
Configured with: /home/zls/toolchain/projects/hnd/tools/linux/hndtools-mipsel-linux-uclibc-4.2.3/src/toolchains/linux-2.6/buildroot/toolchain_build_mipsel/gcc-4.2.3/configure --prefix=/projects/hnd/tools/linux/hndtools-mipsel-linux-uclibc-4.2.3 --build=i386-pc-linux-gnu --host=i386-pc-linux-gnu --target=mipsel-linux-uclibc --enable-languages=c,c++ --disable-__cxa_atexit --enable-target-optspace --with-gnu-ld --with-gmp=/home/zls/toolchain/projects/hnd/tools/linux/hndtools-mipsel-linux-uclibc-4.2.3/src/toolchains/linux-2.6/buildroot/toolchain_build_mipsel/gmp --with-mpfr=/home/zls/toolchain/projects/hnd/tools/linux/hndtools-mipsel-linux-uclibc-4.2.3/src/toolchains/linux-2.6/buildroot/toolchain_build_mipsel/mpfr --enable-shared --disable-nls --enable-threads --disable-multilib --with-abi=32 --with-tune=mips32
Thread model: posix
gcc version 4.2.3
configure:3337: $? = 0
configure:3326: mipsel-uclibc-linux26-gcc -V >&5
mipsel-uclibc-linux26-gcc: '-V' option must have argument
configure:3337: $? = 1
configure:3326: mipsel-uclibc-linux26-gcc -qversion >&5
mipsel-uclibc-linux26-gcc: unrecognized option '-qversion'
mipsel-uclibc-linux26-gcc: no input files
configure:3337: $? = 1
configure:3357: checking whether the C compiler works
configure:3379: mipsel-uclibc-linux26-gcc -DLINUX26 -DBCMVISTAROUTER -DBCMWPA2 -D__CONFIG_EMF__  -L/home/dvrf/Download/DVRF_v01/release/src/router/libbcmcrypto -lbcmcrypto conftest.c  >&5
configure:3383: $? = 0
configure:3431: result: yes
configure:3434: checking for C compiler default output file name
configure:3436: result: a.out
configure:3442: checking for suffix of executables
configure:3449: mipsel-uclibc-linux26-gcc -o conftest -DLINUX26 -DBCMVISTAROUTER -DBCMWPA2 -D__CONFIG_EMF__  -L/home/dvrf/Download/DVRF_v01/release/src/router/libbcmcrypto -lbcmcrypto conftest.c  >&5
configure:3453: $? = 0
configure:3475: result: 
configure:3497: checking whether we are cross compiling
configure:3505: mipsel-uclibc-linux26-gcc -o conftest -DLINUX26 -DBCMVISTAROUTER -DBCMWPA2 -D__CONFIG_EMF__  -L/home/dvrf/Download/DVRF_v01/release/src/router/libbcmcrypto -lbcmcrypto conftest.c  >&5
configure:3509: $? = 0
configure:3516: ./conftest
./configure: line 3518: ./conftest: cannot execute binary file
configure:3520: $? = 126
configure:3535: result: yes
configure:3540: checking for suffix of object files
configure:3562: mipsel-uclibc-linux26-gcc -c -DLINUX26 -DBCMVISTAROUTER -DBCMWPA2 -D__CONFIG_EMF__  conftest.c >&5
configure:3566: $? = 0
configure:3587: result: o
configure:3591: checking whether we are using the GNU C compiler
configure:3610: mipsel-uclibc-linux26-gcc -c -DLINUX26 -DBCMVISTAROUTER -DBCMWPA2 -D__CONFIG_EMF__  conftest.c >&5
configure:3610: $? = 0
configure:3619: result: yes
configure:3628: checking whether mipsel-uclibc-linux26-gcc accepts -g
configure:3648: mipsel-uclibc-linux26-gcc -c -g  conftest.c >&5
configure:3648: $? = 0
configure:3689: result: yes
configure:3706: checking for mipsel-uclibc-linux26-gcc option to accept ISO C89
configure:3770: mipsel-uclibc-linux26-gcc  -c -DLINUX26 -DBCMVISTAROUTER -DBCMWPA2 -D__CONFIG_EMF__  conftest.c >&5
configure:3770: $? = 0
configure:3783: result: none needed
configure:3814: checking for style of include used by make
configure:3842: result: GNU
configure:3870: checking dependency style of mipsel-uclibc-linux26-gcc
configure:3960: result: gcc3
configure:3978: checking whether mipsel-uclibc-linux26-gcc and cc understand -c and -o together
configure:4009: mipsel-uclibc-linux26-gcc -c conftest.c -o conftest2.o >&5
configure:4013: $? = 0
configure:4019: mipsel-uclibc-linux26-gcc -c conftest.c -o conftest2.o >&5
configure:4023: $? = 0
configure:4034: cc -c conftest.c >&5
configure:4038: $? = 0
configure:4046: cc -c conftest.c -o conftest2.o >&5
configure:4050: $? = 0
configure:4056: cc -c conftest.c -o conftest2.o >&5
configure:4060: $? = 0
configure:4078: result: yes
configure:4178: checking build system type
configure:4192: result: i686-pc-linux-gnu
configure:4212: checking host system type
configure:4225: result: mipsel-unknown-elf
configure:4245: checking for a sed that does not truncate output
configure:4301: result: /bin/sed
configure:4304: checking for grep that handles long lines and -e
configure:4362: result: /bin/grep
configure:4367: checking for egrep
configure:4429: result: /bin/grep -E
configure:4445: checking for ld used by mipsel-uclibc-linux26-gcc
configure:4512: result: mipsel-uclibc-linux26-ld
configure:4519: checking if the linker (mipsel-uclibc-linux26-ld) is GNU ld
configure:4534: result: yes
configure:4539: checking for mipsel-uclibc-linux26-ld option to reload object files
configure:4546: result: -r
configure:4564: checking for BSD-compatible nm
configure:4613: result: mipsel-uclibc-linux26-nm
configure:4617: checking whether ln -s works
configure:4621: result: yes
configure:4628: checking how to recognize dependent libraries
configure:4814: result: unknown
configure:5034: checking how to run the C preprocessor
configure:5065: mipsel-uclibc-linux26-gcc -E  conftest.c
configure:5065: $? = 0
configure:5079: mipsel-uclibc-linux26-gcc -E  conftest.c
conftest.c:11:28: error: ac_nonexistent.h: No such file or directory
configure:5079: $? = 1
configure: failed program was:
| /* confdefs.h */
| #define PACKAGE_NAME "iptables"
| #define PACKAGE_TARNAME "iptables"
| #define PACKAGE_VERSION "1.4.2"
| #define PACKAGE_STRING "iptables 1.4.2"
| #define PACKAGE_BUGREPORT ""
| #define PACKAGE_URL ""
| #define PACKAGE "iptables"
| #define VERSION "1.4.2"
| /* end confdefs.h.  */
| #include <ac_nonexistent.h>
configure:5104: result: mipsel-uclibc-linux26-gcc -E
configure:5124: mipsel-uclibc-linux26-gcc -E  conftest.c
configure:5124: $? = 0
configure:5138: mipsel-uclibc-linux26-gcc -E  conftest.c
conftest.c:11:28: error: ac_nonexistent.h: No such file or directory
configure:5138: $? = 1
configure: failed program was:
| /* confdefs.h */
| #define PACKAGE_NAME "iptables"
| #define PACKAGE_TARNAME "iptables"
| #define PACKAGE_VERSION "1.4.2"
| #define PACKAGE_STRING "iptables 1.4.2"
| #define PACKAGE_BUGREPORT ""
| #define PACKAGE_URL ""
| #define PACKAGE "iptables"
| #define VERSION "1.4.2"
| /* end confdefs.h.  */
| #include <ac_nonexistent.h>
configure:5167: checking for ANSI C header files
configure:5187: mipsel-uclibc-linux26-gcc -c -DLINUX26 -DBCMVISTAROUTER -DBCMWPA2 -D__CONFIG_EMF__  conftest.c >&5
configure:5187: $? = 0
configure:5271: result: yes
configure:5284: checking for sys/types.h
configure:5284: mipsel-uclibc-linux26-gcc -c -DLINUX26 -DBCMVISTAROUTER -DBCMWPA2 -D__CONFIG_EMF__  conftest.c >&5
configure:5284: $? = 0
configure:5284: result: yes
configure:5284: checking for sys/stat.h
configure:5284: mipsel-uclibc-linux26-gcc -c -DLINUX26 -DBCMVISTAROUTER -DBCMWPA2 -D__CONFIG_EMF__  conftest.c >&5
configure:5284: $? = 0
configure:5284: result: yes
configure:5284: checking for stdlib.h
configure:5284: mipsel-uclibc-linux26-gcc -c -DLINUX26 -DBCMVISTAROUTER -DBCMWPA2 -D__CONFIG_EMF__  conftest.c >&5
configure:5284: $? = 0
configure:5284: result: yes
configure:5284: checking for string.h
configure:5284: mipsel-uclibc-linux26-gcc -c -DLINUX26 -DBCMVISTAROUTER -DBCMWPA2 -D__CONFIG_EMF__  conftest.c >&5
configure:5284: $? = 0
configure:5284: result: yes
configure:5284: checking for memory.h
configure:5284: mipsel-uclibc-linux26-gcc -c -DLINUX26 -DBCMVISTAROUTER -DBCMWPA2 -D__CONFIG_EMF__  conftest.c >&5
configure:5284: $? = 0
configure:5284: result: yes
configure:5284: checking for strings.h
configure:5284: mipsel-uclibc-linux26-gcc -c -DLINUX26 -DBCMVISTAROUTER -DBCMWPA2 -D__CONFIG_EMF__  conftest.c >&5
configure:5284: $? = 0
configure:5284: result: yes
configure:5284: checking for inttypes.h
configure:5284: mipsel-uclibc-linux26-gcc -c -DLINUX26 -DBCMVISTAROUTER -DBCMWPA2 -D__CONFIG_EMF__  conftest.c >&5
configure:5284: $? = 0
configure:5284: result: yes
configure:5284: checking for stdint.h
configure:5284: mipsel-uclibc-linux26-gcc -c -DLINUX26 -DBCMVISTAROUTER -DBCMWPA2 -D__CONFIG_EMF__  conftest.c >&5
configure:5284: $? = 0
configure:5284: result: yes
configure:5284: checking for unistd.h
configure:5284: mipsel-uclibc-linux26-gcc -c -DLINUX26 -DBCMVISTAROUTER -DBCMWPA2 -D__CONFIG_EMF__  conftest.c >&5
configure:5284: $? = 0
configure:5284: result: yes
configure:5298: checking dlfcn.h usability
configure:5298: mipsel-uclibc-linux26-gcc -c -DLINUX26 -DBCMVISTAROUTER -DBCMWPA2 -D__CONFIG_EMF__  conftest.c >&5
configure:5298: $? = 0
configure:5298: result: yes
configure:5298: checking dlfcn.h presence
configure:5298: mipsel-uclibc-linux26-gcc -E  conftest.c
configure:5298: $? = 0
configure:5298: result: yes
configure:5298: checking for dlfcn.h
configure:5298: result: yes
configure:5420: checking for C++ compiler version
configure:5429: mipsel-uclibc-linux26-g++ --version >&5
mipsel-uclibc-linux26-g++ (GCC) 4.2.3
Copyright (C) 2007 Free Software Foundation, Inc.
This is free software; see the source for copying conditions.  There is NO
warranty; not even for MERCHANTABILITY or FITNESS FOR A PARTICULAR PURPOSE.

configure:5440: $? = 0
configure:5429: mipsel-uclibc-linux26-g++ -v >&5
Using built-in specs.
Target: mipsel-linux-uclibc
Configured with: /home/zls/toolchain/projects/hnd/tools/linux/hndtools-mipsel-linux-uclibc-4.2.3/src/toolchains/linux-2.6/buildroot/toolchain_build_mipsel/gcc-4.2.3/configure --prefix=/projects/hnd/tools/linux/hndtools-mipsel-linux-uclibc-4.2.3 --build=i386-pc-linux-gnu --host=i386-pc-linux-gnu --target=mipsel-linux-uclibc --enable-languages=c,c++ --disable-__cxa_atexit --enable-target-optspace --with-gnu-ld --with-gmp=/home/zls/toolchain/projects/hnd/tools/linux/hndtools-mipsel-linux-uclibc-4.2.3/src/toolchains/linux-2.6/buildroot/toolchain_build_mipsel/gmp --with-mpfr=/home/zls/toolchain/projects/hnd/tools/linux/hndtools-mipsel-linux-uclibc-4.2.3/src/toolchains/linux-2.6/buildroot/toolchain_build_mipsel/mpfr --enable-shared --disable-nls --enable-threads --disable-multilib --with-abi=32 --with-tune=mips32
Thread model: posix
gcc version 4.2.3
configure:5440: $? = 0
configure:5429: mipsel-uclibc-linux26-g++ -V >&5
mipsel-uclibc-linux26-g++: '-V' option must have argument
configure:5440: $? = 1
configure:5429: mipsel-uclibc-linux26-g++ -qversion >&5
mipsel-uclibc-linux26-g++: unrecognized option '-qversion'
mipsel-uclibc-linux26-g++: no input files
configure:5440: $? = 1
configure:5444: checking whether we are using the GNU C++ compiler
configure:5463: mipsel-uclibc-linux26-g++ -c   conftest.cpp >&5
configure:5463: $? = 0
configure:5472: result: yes
configure:5481: checking whether mipsel-uclibc-linux26-g++ accepts -g
configure:5501: mipsel-uclibc-linux26-g++ -c -g  conftest.cpp >&5
configure:5501: $? = 0
configure:5542: result: yes
configure:5567: checking dependency style of mipsel-uclibc-linux26-g++
configure:5657: result: gcc3
configure:5684: checking how to run the C++ preprocessor
configure:5711: mipsel-uclibc-linux26-g++ -E  conftest.cpp
configure:5711: $? = 0
configure:5725: mipsel-uclibc-linux26-g++ -E  conftest.cpp
conftest.cpp:22:28: error: ac_nonexistent.h: No such file or directory
configure:5725: $? = 1
configure: failed program was:
| /* confdefs.h */
| #define PACKAGE_NAME "iptables"
| #define PACKAGE_TARNAME "iptables"
| #define PACKAGE_VERSION "1.4.2"
| #define PACKAGE_STRING "iptables 1.4.2"
| #define PACKAGE_BUGREPORT ""
| #define PACKAGE_URL ""
| #define PACKAGE "iptables"
| #define VERSION "1.4.2"
| #define STDC_HEADERS 1
| #define HAVE_SYS_TYPES_H 1
| #define HAVE_SYS_STAT_H 1
| #define HAVE_STDLIB_H 1
| #define HAVE_STRING_H 1
| #define HAVE_MEMORY_H 1
| #define HAVE_STRINGS_H 1
| #define HAVE_INTTYPES_H 1
| #define HAVE_STDINT_H 1
| #define HAVE_UNISTD_H 1
| #define HAVE_DLFCN_H 1
| /* end confdefs.h.  */
| #include <ac_nonexistent.h>
configure:5750: result: mipsel-uclibc-linux26-g++ -E
configure:5770: mipsel-uclibc-linux26-g++ -E  conftest.cpp
configure:5770: $? = 0
configure:5784: mipsel-uclibc-linux26-g++ -E  conftest.cpp
conftest.cpp:22:28: error: ac_nonexistent.h: No such file or directory
configure:5784: $? = 1
configure: failed program was:
| /* confdefs.h */
| #define PACKAGE_NAME "iptables"
| #define PACKAGE_TARNAME "iptables"
| #define PACKAGE_VERSION "1.4.2"
| #define PACKAGE_STRING "iptables 1.4.2"
| #define PACKAGE_BUGREPORT ""
| #define PACKAGE_URL ""
| #define PACKAGE "iptables"
| #define VERSION "1.4.2"
| #define STDC_HEADERS 1
| #define HAVE_SYS_TYPES_H 1
| #define HAVE_SYS_STAT_H 1
| #define HAVE_STDLIB_H 1
| #define HAVE_STRING_H 1
| #define HAVE_MEMORY_H 1
| #define HAVE_STRINGS_H 1
| #define HAVE_INTTYPES_H 1
| #define HAVE_STDINT_H 1
| #define HAVE_UNISTD_H 1
| #define HAVE_DLFCN_H 1
| /* end confdefs.h.  */
| #include <ac_nonexistent.h>
configure:5824: checking for mipsel-g77
configure:5854: result: no
configure:5824: checking for mipsel-xlf
configure:5854: result: no
configure:5824: checking for mipsel-f77
configure:5854: result: no
configure:5824: checking for mipsel-frt
configure:5854: result: no
configure:5824: checking for mipsel-pgf77
configure:5854: result: no
configure:5824: checking for mipsel-cf77
configure:5854: result: no
configure:5824: checking for mipsel-fort77
configure:5854: result: no
configure:5824: checking for mipsel-fl32
configure:5854: result: no
configure:5824: checking for mipsel-af77
configure:5854: result: no
configure:5824: checking for mipsel-xlf90
configure:5854: result: no
configure:5824: checking for mipsel-f90
configure:5854: result: no
configure:5824: checking for mipsel-pgf90
configure:5854: result: no
configure:5824: checking for mipsel-pghpf
configure:5854: result: no
configure:5824: checking for mipsel-epcf90
configure:5854: result: no
configure:5824: checking for mipsel-gfortran
configure:5854: result: no
configure:5824: checking for mipsel-g95
configure:5854: result: no
configure:5824: checking for mipsel-xlf95
configure:5854: result: no
configure:5824: checking for mipsel-f95
configure:5854: result: no
configure:5824: checking for mipsel-fort
configure:5854: result: no
configure:5824: checking for mipsel-ifort
configure:5854: result: no
configure:5824: checking for mipsel-ifc
configure:5854: result: no
configure:5824: checking for mipsel-efc
configure:5854: result: no
configure:5824: checking for mipsel-pgfortran
configure:5854: result: no
configure:5824: checking for mipsel-pgf95
configure:5854: result: no
configure:5824: checking for mipsel-lf95
configure:5854: result: no
configure:5824: checking for mipsel-ftn
configure:5854: result: no
configure:5868: checking for g77
configure:5898: result: no
configure:5868: checking for xlf
configure:5898: result: no
configure:5868: checking for f77
configure:5898: result: no
configure:5868: checking for frt
configure:5898: result: no
configure:5868: checking for pgf77
configure:5898: result: no
configure:5868: checking for cf77
configure:5898: result: no
configure:5868: checking for fort77
configure:5898: result: no
configure:5868: checking for fl32
configure:5898: result: no
configure:5868: checking for af77
configure:5898: result: no
configure:5868: checking for xlf90
configure:5898: result: no
configure:5868: checking for f90
configure:5898: result: no
configure:5868: checking for pgf90
configure:5898: result: no
configure:5868: checking for pghpf
configure:5898: result: no
configure:5868: checking for epcf90
configure:5898: result: no
configure:5868: checking for gfortran
configure:5884: found /usr/bin/gfortran
configure:5895: result: gfortran
configure:5911: WARNING: using cross tools not prefixed with host triplet
configure:5921: checking for Fortran 77 compiler version
configure:5930: gfortran --version >&5
GNU Fortran (GCC) 4.4.1 20090725 (Red Hat 4.4.1-2)
Copyright (C) 2009 Free Software Foundation, Inc.

GNU Fortran comes with NO WARRANTY, to the extent permitted by law.
You may redistribute copies of GNU Fortran
under the terms of the GNU General Public License.
For more information about these matters, see the file named COPYING

configure:5941: $? = 0
configure:5930: gfortran -v >&5
Using built-in specs.
Target: i586-redhat-linux
Configured with: ../configure --prefix=/usr --mandir=/usr/share/man --infodir=/usr/share/info --with-bugurl=http://bugzilla.redhat.com/bugzilla --enable-bootstrap --enable-shared --enable-threads=posix --enable-checking=release --with-system-zlib --enable-__cxa_atexit --disable-libunwind-exceptions --enable-languages=c,c++,objc,obj-c++,java,fortran,ada --enable-java-awt=gtk --disable-dssi --enable-plugin --with-java-home=/usr/lib/jvm/java-1.5.0-gcj-1.5.0.0/jre --enable-libgcj-multifile --enable-java-maintainer-mode --with-ecj-jar=/usr/share/java/eclipse-ecj.jar --disable-libjava-multilib --with-ppl --with-cloog --with-tune=generic --with-arch=i586 --build=i586-redhat-linux
Thread model: posix
gcc version 4.4.1 20090725 (Red Hat 4.4.1-2) (GCC) 
configure:5941: $? = 0
configure:5930: gfortran -V >&5
gfortran: '-V' option must have argument
configure:5941: $? = 1
configure:5930: gfortran -qversion >&5
gfortran: unrecognized option '-qversion'
gfortran: no input files
configure:5941: $? = 1
configure:5950: checking whether we are using the GNU Fortran 77 compiler
configure:5963: gfortran -c  conftest.F >&5
configure:5963: $? = 0
configure:5972: result: yes
configure:5978: checking whether gfortran accepts -g
configure:5989: gfortran -c -g conftest.f >&5
configure:5989: $? = 0
configure:5997: result: yes
configure:6030: checking the maximum length of command line arguments
configure:6142: result: 1966080
configure:6154: checking command to parse mipsel-uclibc-linux26-nm output from mipsel-uclibc-linux26-gcc object
configure:6259: mipsel-uclibc-linux26-gcc -c -DLINUX26 -DBCMVISTAROUTER -DBCMWPA2 -D__CONFIG_EMF__  conftest.c >&5
configure:6262: $? = 0
configure:6266: mipsel-uclibc-linux26-nm conftest.o \| sed -n -e 's/^.*[ 	]\([ABCDGIRSTW][ABCDGIRSTW]*\)[ 	][ 	]*\([_A-Za-z][_A-Za-z0-9]*\)$/\1 \2 \2/p' \> conftest.nm
configure:6269: $? = 0
configure:6321: mipsel-uclibc-linux26-gcc -o conftest -DLINUX26 -DBCMVISTAROUTER -DBCMWPA2 -D__CONFIG_EMF__  -L/home/dvrf/Download/DVRF_v01/release/src/router/libbcmcrypto -lbcmcrypto conftest.c conftstm.o >&5
configure:6324: $? = 0
configure:6362: result: ok
configure:6366: checking for objdir
configure:6381: result: .libs
configure:6433: checking for mipsel-ar
configure:6460: result: mipsel-uclibc-linux26-ar
configure:6525: checking for mipsel-ranlib
configure:6552: result: mipsel-uclibc-linux26-ranlib
configure:6617: checking for mipsel-strip
configure:6644: result: mipsel-uclibc-linux26-strip
configure:7245: checking if mipsel-uclibc-linux26-gcc supports -fno-rtti -fno-exceptions
configure:7263: mipsel-uclibc-linux26-gcc -c -DLINUX26 -DBCMVISTAROUTER -DBCMWPA2 -D__CONFIG_EMF__  -fno-rtti -fno-exceptions conftest.c >&5
cc1: warning: command line option "-fno-rtti" is valid for C++/ObjC++ but not for C
configure:7267: $? = 0
configure:7280: result: no
configure:7295: checking for mipsel-uclibc-linux26-gcc option to produce PIC
configure:7527: result: -fPIC
configure:7535: checking if mipsel-uclibc-linux26-gcc PIC flag -fPIC works
configure:7553: mipsel-uclibc-linux26-gcc -c -DLINUX26 -DBCMVISTAROUTER -DBCMWPA2 -D__CONFIG_EMF__  -fPIC -DPIC conftest.c >&5
configure:7557: $? = 0
configure:7570: result: yes
configure:7598: checking if mipsel-uclibc-linux26-gcc static flag -static works
configure:7626: result: no
configure:7636: checking if mipsel-uclibc-linux26-gcc supports -c -o file.o
configure:7657: mipsel-uclibc-linux26-gcc -c -DLINUX26 -DBCMVISTAROUTER -DBCMWPA2 -D__CONFIG_EMF__  -o out/conftest2.o conftest.c >&5
configure:7661: $? = 0
configure:7683: result: yes
configure:7709: checking whether the mipsel-uclibc-linux26-gcc linker (mipsel-uclibc-linux26-ld) supports shared libraries
configure:8636: result: yes
configure:8657: checking whether -lc should be explicitly linked in
configure:8662: mipsel-uclibc-linux26-gcc -c -DLINUX26 -DBCMVISTAROUTER -DBCMWPA2 -D__CONFIG_EMF__  conftest.c >&5
configure:8665: $? = 0
configure:8680: mipsel-uclibc-linux26-gcc -shared conftest.o  -v -Wl,-soname -Wl,conftest -o conftest 2\>\&1 \| grep  -lc  \>/dev/null 2\>\&1
configure:8683: $? = 0
configure:8695: result: no
configure:8703: checking dynamic linker characteristics
configure:9317: result: no
configure:9341: checking how to hardcode library paths into programs
configure:9366: result: immediate
configure:9380: checking whether stripping libraries is possible
configure:9385: result: yes
configure:9902: checking if libtool supports shared libraries
configure:9904: result: no
configure:9907: checking whether to build shared libraries
configure:9928: result: no
configure:9931: checking whether to build static libraries
configure:9935: result: yes
configure:10029: creating libtool
configure:10618: checking for ld used by mipsel-uclibc-linux26-g++
configure:10685: result: mipsel-uclibc-linux26-ld
configure:10692: checking if the linker (mipsel-uclibc-linux26-ld) is GNU ld
configure:10707: result: yes
configure:10758: checking whether the mipsel-uclibc-linux26-g++ linker (mipsel-uclibc-linux26-ld) supports shared libraries
configure:11650: result: no
configure:11667: mipsel-uclibc-linux26-g++ -c -g -O2  conftest.cpp >&5
configure:11670: $? = 0
configure:11826: checking for mipsel-uclibc-linux26-g++ option to produce PIC
configure:12110: result: -fPIC
configure:12118: checking if mipsel-uclibc-linux26-g++ PIC flag -fPIC works
configure:12136: mipsel-uclibc-linux26-g++ -c -g -O2  -fPIC -DPIC conftest.cpp >&5
configure:12140: $? = 0
configure:12153: result: yes
configure:12181: checking if mipsel-uclibc-linux26-g++ static flag -static works
configure:12209: result: no
configure:12219: checking if mipsel-uclibc-linux26-g++ supports -c -o file.o
configure:12240: mipsel-uclibc-linux26-g++ -c -g -O2  -o out/conftest2.o conftest.cpp >&5
configure:12244: $? = 0
configure:12266: result: yes
configure:12292: checking whether the mipsel-uclibc-linux26-g++ linker (mipsel-uclibc-linux26-ld) supports shared libraries
configure:12321: result: no
configure:12388: checking dynamic linker characteristics
configure:12950: result: no
configure:12974: checking how to hardcode library paths into programs
configure:12999: result: immediate
configure:13538: checking if libtool supports shared libraries
configure:13540: result: no
configure:13543: checking whether to build shared libraries
configure:13563: result: no
configure:13566: checking whether to build static libraries
configure:13570: result: yes
configure:13580: checking for gfortran option to produce PIC
configure:13812: result: -fPIC
configure:13820: checking if gfortran PIC flag -fPIC works
configure:13838: gfortran -c -g -O2 -fPIC conftest.f >&5
configure:13842: $? = 0
configure:13855: result: yes
configure:13883: checking if gfortran static flag -static works
configure:13911: result: no
configure:13921: checking if gfortran supports -c -o file.o
configure:13942: gfortran -c -g -O2 -o out/conftest2.o conftest.f >&5
configure:13946: $? = 0
configure:13968: result: yes
configure:13994: checking whether the gfortran linker (mipsel-uclibc-linux26-ld) supports shared libraries
configure:14909: result: yes
configure:14976: checking dynamic linker characteristics
configure:15538: result: no
configure:15562: checking how to hardcode library paths into programs
configure:15587: result: immediate
configure:19190: checking linux/dccp.h usability
configure:19190: mipsel-uclibc-linux26-gcc -c -DLINUX26 -DBCMVISTAROUTER -DBCMWPA2 -D__CONFIG_EMF__  conftest.c >&5
configure:19190: $? = 0
configure:19190: result: yes
configure:19190: checking linux/dccp.h presence
configure:19190: mipsel-uclibc-linux26-gcc -E  conftest.c
configure:19190: $? = 0
configure:19190: result: yes
configure:19190: checking for linux/dccp.h
configure:19190: result: yes
configure:19406: creating ./config.status

## ---------------------- ##
## Running config.status. ##
## ---------------------- ##

This file was extended by iptables config.status 1.4.2, which was
generated by GNU Autoconf 2.66.  Invocation command line was

  CONFIG_FILES    = 
  CONFIG_HEADERS  = 
  CONFIG_LINKS    = 
  CONFIG_COMMANDS = 
  $ ./config.status 

on localhost.localdomain

config.status:896: creating Makefile
config.status:896: creating extensions/GNUmakefile
config.status:896: creating libipq/Makefile
config.status:896: creating include/xtables.h
config.status:896: creating xtables.pc
config.status:896: creating config.h
config.status:1117: executing depfiles commands

## ---------------- ##
## Cache variables. ##
## ---------------- ##

ac_cv_build=i686-pc-linux-gnu
ac_cv_c_compiler_gnu=yes
ac_cv_cxx_compiler_gnu=yes
ac_cv_env_CCC_set=
ac_cv_env_CCC_value=
ac_cv_env_CC_set=set
ac_cv_env_CC_value=mipsel-uclibc-linux26-gcc
ac_cv_env_CFLAGS_set=set
ac_cv_env_CFLAGS_value='-DLINUX26 -DBCMVISTAROUTER -DBCMWPA2 -D__CONFIG_EMF__'
ac_cv_env_CPPFLAGS_set=
ac_cv_env_CPPFLAGS_value=
ac_cv_env_CPP_set=
ac_cv_env_CPP_value=
ac_cv_env_CXXCPP_set=
ac_cv_env_CXXCPP_value=
ac_cv_env_CXXFLAGS_set=
ac_cv_env_CXXFLAGS_value=
ac_cv_env_CXX_set=set
ac_cv_env_CXX_value=mipsel-uclibc-linux26-g++
ac_cv_env_F77_set=
ac_cv_env_F77_value=
ac_cv_env_FFLAGS_set=
ac_cv_env_FFLAGS_value=
ac_cv_env_LDFLAGS_set=set
ac_cv_env_LDFLAGS_value='-L/home/dvrf/Download/DVRF_v01/release/src/router/libbcmcrypto -lbcmcrypto'
ac_cv_env_LIBS_set=
ac_cv_env_LIBS_value=
ac_cv_env_build_alias_set=
ac_cv_env_build_alias_value=
ac_cv_env_host_alias_set=set
ac_cv_env_host_alias_value=mipsel
ac_cv_env_target_alias_set=
ac_cv_env_target_alias_value=
ac_cv_f77_compiler_gnu=yes
ac_cv_header_dlfcn_h=yes
ac_cv_header_inttypes_h=yes
ac_cv_header_linux_dccp_h=yes
ac_cv_header_memory_h=yes
ac_cv_header_stdc=yes
ac_cv_header_stdint_h=yes
ac_cv_header_stdlib_h=yes
ac_cv_header_string_h=yes
ac_cv_header_strings_h=yes
ac_cv_header_sys_stat_h=yes
ac_cv_header_sys_types_h=yes
ac_cv_header_unistd_h=yes
ac_cv_host=mipsel-unknown-elf
ac_cv_objext=o
ac_cv_path_EGREP='/bin/grep -E'
ac_cv_path_GREP=/bin/grep
ac_cv_path_install='/usr/bin/install -c'
ac_cv_prog_AR=mipsel-uclibc-linux26-ar
ac_cv_prog_AWK=gawk
ac_cv_prog_CC=mipsel-uclibc-linux26-gcc
ac_cv_prog_CPP='mipsel-uclibc-linux26-gcc -E'
ac_cv_prog_CXXCPP='mipsel-uclibc-linux26-g++ -E'
ac_cv_prog_RANLIB=mipsel-uclibc-linux26-ranlib
ac_cv_prog_STRIP=mipsel-uclibc-linux26-strip
ac_cv_prog_ac_ct_F77=gfortran
ac_cv_prog_cc_c89=
ac_cv_prog_cc_g=yes
ac_cv_prog_cc_mipsel_uclibc_linux26_gcc_c_o=yes
ac_cv_prog_cxx_g=yes
ac_cv_prog_f77_g=yes
ac_cv_prog_make_make_set=yes
am_cv_CC_dependencies_compiler_type=gcc3
am_cv_CXX_dependencies_compiler_type=gcc3
lt_cv_deplibs_check_method=unknown
lt_cv_file_magic_cmd='$MAGIC_CMD'
lt_cv_file_magic_test_file=
lt_cv_ld_reload_flag=-r
lt_cv_objdir=.libs
lt_cv_path_LD=mipsel-uclibc-linux26-ld
lt_cv_path_LDCXX=mipsel-uclibc-linux26-ld
lt_cv_path_NM=mipsel-uclibc-linux26-nm
lt_cv_path_SED=/bin/sed
lt_cv_prog_compiler_c_o=yes
lt_cv_prog_compiler_c_o_CXX=yes
lt_cv_prog_compiler_c_o_F77=yes
lt_cv_prog_compiler_pic_works=yes
lt_cv_prog_compiler_pic_works_CXX=yes
lt_cv_prog_compiler_pic_works_F77=yes
lt_cv_prog_compiler_rtti_exceptions=no
lt_cv_prog_compiler_static_works=no
lt_cv_prog_compiler_static_works_CXX=no
lt_cv_prog_compiler_static_works_F77=no
lt_cv_prog_gnu_ld=yes
lt_cv_prog_gnu_ldcxx=yes
lt_cv_sys_global_symbol_pipe='sed -n -e '\''s/^.*[ 	]\([ABCDGIRSTW][ABCDGIRSTW]*\)[ 	][ 	]*\([_A-Za-z][_A-Za-z0-9]*\)$/\1 \2 \2/p'\'''
lt_cv_sys_global_symbol_to_c_name_address='sed -n -e '\''s/^: \([^ ]*\) $/  {\"\1\", (lt_ptr) 0},/p'\'' -e '\''s/^[BCDEGRST] \([^ ]*\) \([^ ]*\)$/  {"\2", (lt_ptr) \&\2},/p'\'''
lt_cv_sys_global_symbol_to_cdecl='sed -n -e '\''s/^. .* \(.*\)$/extern int \1;/p'\'''
lt_cv_sys_lib_dlsearch_path_spec='/lib /usr/lib'
lt_cv_sys_lib_search_path_spec='/projects/hnd/tools/linux/hndtools-mipsel-linux-uclibc-4.2.3/lib/gcc/mipsel-linux-uclibc/4.2.3 /projects/hnd/tools/linux/hndtools-mipsel-linux-uclibc-4.2.3/mipsel-linux-uclibc/lib'
lt_cv_sys_max_cmd_len=1966080
lt_lt_cv_prog_compiler_c_o='"yes"'
lt_lt_cv_prog_compiler_c_o_CXX='"yes"'
lt_lt_cv_prog_compiler_c_o_F77='"yes"'
lt_lt_cv_sys_global_symbol_pipe='"sed -n -e '\''s/^.*[ 	]\\([ABCDGIRSTW][ABCDGIRSTW]*\\)[ 	][ 	]*\\([_A-Za-z][_A-Za-z0-9]*\\)\$/\\1 \\2 \\2/p'\''"'
lt_lt_cv_sys_global_symbol_to_c_name_address='"sed -n -e '\''s/^: \\([^ ]*\\) \$/  {\\\"\\1\\\", (lt_ptr) 0},/p'\'' -e '\''s/^[BCDEGRST] \\([^ ]*\\) \\([^ ]*\\)\$/  {\"\\2\", (lt_ptr) \\&\\2},/p'\''"'
lt_lt_cv_sys_global_symbol_to_cdecl='"sed -n -e '\''s/^. .* \\(.*\\)\$/extern int \\1;/p'\''"'

## ----------------- ##
## Output variables. ##
## ----------------- ##

ACLOCAL='${SHELL} /home/dvrf/Download/DVRF_v01/release/src/router/iptables-1.x/missing --run aclocal-1.9'
AMDEPBACKSLASH='\'
AMDEP_FALSE='#'
AMDEP_TRUE=''
AMTAR='${SHELL} /home/dvrf/Download/DVRF_v01/release/src/router/iptables-1.x/missing --run tar'
AR='mipsel-uclibc-linux26-ar'
AUTOCONF='${SHELL} /home/dvrf/Download/DVRF_v01/release/src/router/iptables-1.x/missing --run autoconf'
AUTOHEADER='${SHELL} /home/dvrf/Download/DVRF_v01/release/src/router/iptables-1.x/missing --run autoheader'
AUTOMAKE='${SHELL} /home/dvrf/Download/DVRF_v01/release/src/router/iptables-1.x/missing --run automake-1.9'
AWK='gawk'
CC='mipsel-uclibc-linux26-gcc'
CCDEPMODE='depmode=gcc3'
CFLAGS='-DLINUX26 -DBCMVISTAROUTER -DBCMWPA2 -D__CONFIG_EMF__'
CPP='mipsel-uclibc-linux26-gcc -E'
CPPFLAGS=''
CXX='mipsel-uclibc-linux26-g++'
CXXCPP='mipsel-uclibc-linux26-g++ -E'
CXXDEPMODE='depmode=gcc3'
CXXFLAGS='-g -O2'
CYGPATH_W='echo'
DEFS='-DHAVE_CONFIG_H'
DEPDIR='.deps'
DSYMUTIL=''
ECHO='echo'
ECHO_C=''
ECHO_N='-n'
ECHO_T=''
EGREP='/bin/grep -E'
ENABLE_DEVEL_FALSE='#'
ENABLE_DEVEL_TRUE=''
ENABLE_LIBIPQ_FALSE=''
ENABLE_LIBIPQ_TRUE='#'
ENABLE_SHARED_FALSE=''
ENABLE_SHARED_TRUE='#'
ENABLE_STATIC_FALSE='#'
ENABLE_STATIC_TRUE=''
EXEEXT=''
F77='gfortran'
FFLAGS='-g -O2'
GREP='/bin/grep'
INSTALL_DATA='${INSTALL} -m 644'
INSTALL_PROGRAM='${INSTALL}'
INSTALL_SCRIPT='${INSTALL}'
INSTALL_STRIP_PROGRAM='${SHELL} $(install_sh) -c -s'
LDFLAGS='-L/home/dvrf/Download/DVRF_v01/release/src/router/libbcmcrypto -lbcmcrypto'
LIBOBJS=''
LIBS=''
LIBTOOL='$(SHELL) $(top_builddir)/libtool'
LN_S='ln -s'
LTLIBOBJS=''
MAKEINFO='${SHELL} /home/dvrf/Download/DVRF_v01/release/src/router/iptables-1.x/missing --run makeinfo'
NMEDIT=''
OBJEXT='o'
PACKAGE='iptables'
PACKAGE_BUGREPORT=''
PACKAGE_NAME='iptables'
PACKAGE_STRING='iptables 1.4.2'
PACKAGE_TARNAME='iptables'
PACKAGE_URL=''
PACKAGE_VERSION='1.4.2'
PATH_SEPARATOR=':'
RANLIB='mipsel-uclibc-linux26-ranlib'
SED='/bin/sed'
SET_MAKE=''
SHELL='/bin/sh'
STRIP='mipsel-uclibc-linux26-strip'
VERSION='1.4.2'
XTABLES_VERSION_EXTRA=''
XTABLES_VERSION_MAJOR='1'
XTABLES_VERSION_MINOR='4'
XTABLES_VERSION_PATCH='2'
ac_ct_CC=''
ac_ct_CXX=''
ac_ct_F77='gfortran'
am__fastdepCC_FALSE='#'
am__fastdepCC_TRUE=''
am__fastdepCXX_FALSE='#'
am__fastdepCXX_TRUE=''
am__include='include'
am__leading_dot='.'
am__quote=''
am__tar='${AMTAR} chof - "$$tardir"'
am__untar='${AMTAR} xf -'
bindir='${exec_prefix}/bin'
blacklist_modules=''
build='i686-pc-linux-gnu'
build_alias=''
build_cpu='i686'
build_os='linux-gnu'
build_vendor='pc'
datadir='${datarootdir}'
datarootdir='${prefix}/share'
docdir='${datarootdir}/doc/${PACKAGE_TARNAME}'
dvidir='${docdir}'
exec_prefix='${prefix}'
host='mipsel-unknown-elf'
host_alias='mipsel'
host_cpu='mipsel'
host_os='elf'
host_vendor='unknown'
htmldir='${docdir}'
includedir='${prefix}/include'
infodir='${datarootdir}/info'
install_sh='/home/dvrf/Download/DVRF_v01/release/src/router/iptables-1.x/install-sh'
kbuilddir=''
kinclude_CFLAGS=''
ksourcedir=''
libdir='${exec_prefix}/lib'
libexecdir='${exec_prefix}/libexec'
localedir='${datarootdir}/locale'
localstatedir='${prefix}/var'
mandir='${datarootdir}/man'
mkdir_p='mkdir -p --'
oldincludedir='/usr/include'
pdfdir='${docdir}'
pkgconfigdir='${libdir}/pkgconfig'
prefix='/usr'
program_transform_name='s,x,x,'
psdir='${docdir}'
regular_CFLAGS='-D_LARGEFILE_SOURCE=1 -D_LARGE_FILES -D_FILE_OFFSET_BITS=64 	-D_REENTRANT -Wall -Waggregate-return -Wmissing-declarations 	-Wmissing-prototypes -Wredundant-decls -Wshadow -Wstrict-prototypes 	-Winline -pipe 	-DXTABLES_LIBDIR=\"${xtlibdir}\" -DXTABLES_INTERNAL'
sbindir='${exec_prefix}/sbin'
sharedstatedir='${prefix}/com'
sysconfdir='${prefix}/etc'
target_alias=''
xtlibdir='/usr/lib/iptables'

## ----------- ##
## confdefs.h. ##
## ----------- ##

/* confdefs.h */
#define PACKAGE_NAME "iptables"
#define PACKAGE_TARNAME "iptables"
#define PACKAGE_VERSION "1.4.2"
#define PACKAGE_STRING "iptables 1.4.2"
#define PACKAGE_BUGREPORT ""
#define PACKAGE_URL ""
#define PACKAGE "iptables"
#define VERSION "1.4.2"
#define STDC_HEADERS 1
#define HAVE_SYS_TYPES_H 1
#define HAVE_SYS_STAT_H 1
#define HAVE_STDLIB_H 1
#define HAVE_STRING_H 1
#define HAVE_MEMORY_H 1
#define HAVE_STRINGS_H 1
#define HAVE_INTTYPES_H 1
#define HAVE_STDINT_H 1
#define HAVE_UNISTD_H 1
#define HAVE_DLFCN_H 1

configure: exit 0
