Archive member included because of file (symbol)

archival/libunarchive/lib.a(decompress_bunzip2.o)
                              applets/built-in.o (dealloc_bunzip)
console-tools/lib.a(clear.o)  applets/built-in.o (clear_main)
console-tools/lib.a(reset.o)  applets/built-in.o (reset_main)
coreutils/lib.a(basename.o)   applets/built-in.o (basename_main)
coreutils/lib.a(cat.o)        applets/built-in.o (cat_main)
coreutils/lib.a(chgrp.o)      applets/built-in.o (chgrp_main)
coreutils/lib.a(chmod.o)      applets/built-in.o (chmod_main)
coreutils/lib.a(chown.o)      applets/built-in.o (chown_main)
coreutils/lib.a(cp.o)         applets/built-in.o (cp_main)
coreutils/lib.a(cut.o)        applets/built-in.o (cut_main)
coreutils/lib.a(df.o)         applets/built-in.o (df_main)
coreutils/lib.a(dirname.o)    applets/built-in.o (dirname_main)
coreutils/lib.a(du.o)         applets/built-in.o (du_main)
coreutils/lib.a(echo.o)       applets/built-in.o (echo_main)
coreutils/lib.a(env.o)        applets/built-in.o (env_main)
coreutils/lib.a(expr.o)       applets/built-in.o (expr_main)
coreutils/lib.a(false.o)      applets/built-in.o (false_main)
coreutils/lib.a(head.o)       applets/built-in.o (head_main)
coreutils/lib.a(hostid.o)     applets/built-in.o (hostid_main)
coreutils/lib.a(id.o)         applets/built-in.o (id_main)
coreutils/lib.a(ln.o)         applets/built-in.o (ln_main)
coreutils/lib.a(ls.o)         applets/built-in.o (ls_main)
coreutils/lib.a(mkdir.o)      applets/built-in.o (mkdir_main)
coreutils/lib.a(mkfifo.o)     applets/built-in.o (mkfifo_main)
coreutils/lib.a(mknod.o)      applets/built-in.o (mknod_main)
coreutils/lib.a(mv.o)         applets/built-in.o (mv_main)
coreutils/lib.a(printf.o)     applets/built-in.o (printf_main)
coreutils/lib.a(pwd.o)        applets/built-in.o (pwd_main)
coreutils/lib.a(rm.o)         applets/built-in.o (rm_main)
coreutils/lib.a(rmdir.o)      applets/built-in.o (rmdir_main)
coreutils/lib.a(sleep.o)      applets/built-in.o (sleep_main)
coreutils/lib.a(tail.o)       applets/built-in.o (tail_main)
coreutils/lib.a(test.o)       applets/built-in.o (test_main)
coreutils/lib.a(touch.o)      applets/built-in.o (touch_main)
coreutils/lib.a(true.o)       applets/built-in.o (true_main)
coreutils/lib.a(uname.o)      applets/built-in.o (uname_main)
coreutils/lib.a(usleep.o)     applets/built-in.o (usleep_main)
coreutils/lib.a(yes.o)        applets/built-in.o (yes_main)
coreutils/libcoreutils/lib.a(cp_mv_stat.o)
                              coreutils/lib.a(cp.o) (cp_mv_stat2)
coreutils/libcoreutils/lib.a(getopt_mk_fifo_nod.o)
                              coreutils/lib.a(mkfifo.o) (getopt_mk_fifo_nod)
findutils/lib.a(find.o)       applets/built-in.o (find_main)
findutils/lib.a(grep.o)       applets/built-in.o (grep_main)
findutils/lib.a(xargs.o)      applets/built-in.o (xargs_main)
init/lib.a(halt.o)            applets/built-in.o (halt_main)
libbb/lib.a(ask_confirmation.o)
                              coreutils/lib.a(mv.o) (bb_ask_confirmation)
libbb/lib.a(bb_basename.o)    applets/built-in.o (bb_basename)
libbb/lib.a(bb_pwd.o)         coreutils/lib.a(id.o) (xuname2uid)
libbb/lib.a(bb_strtonum.o)    coreutils/lib.a(printf.o) (bb_strtol)
libbb/lib.a(compare_string_array.o)
                              coreutils/lib.a(expr.o) (index_in_strings)
libbb/lib.a(concat_path_file.o)
                              coreutils/lib.a(cp.o) (concat_path_file)
libbb/lib.a(concat_subpath_file.o)
                              coreutils/lib.a(du.o) (concat_subpath_file)
libbb/lib.a(copy_file.o)      coreutils/lib.a(cp.o) (copy_file)
libbb/lib.a(copyfd.o)         coreutils/lib.a(cat.o) (bb_copyfd_eof)
libbb/lib.a(crc32.o)          archival/libunarchive/lib.a(decompress_bunzip2.o) (crc32_filltable)
libbb/lib.a(default_error_retval.o)
                              applets/built-in.o (xfunc_error_retval)
libbb/lib.a(error_msg.o)      archival/libunarchive/lib.a(decompress_bunzip2.o) (bb_error_msg)
libbb/lib.a(error_msg_and_die.o)
                              applets/built-in.o (xfunc_die)
libbb/lib.a(fclose_nonstdin.o)
                              coreutils/lib.a(head.o) (fclose_if_not_stdin)
libbb/lib.a(fflush_stdout_and_exit.o)
                              coreutils/lib.a(df.o) (fflush_stdout_and_exit)
libbb/lib.a(find_mount_point.o)
                              coreutils/lib.a(df.o) (find_mount_point)
libbb/lib.a(find_root_device.o)
                              coreutils/lib.a(df.o) (find_block_device)
libbb/lib.a(full_write.o)     libbb/lib.a(copyfd.o) (full_write)
libbb/lib.a(get_last_path_component.o)
                              coreutils/lib.a(basename.o) (bb_get_last_path_component)
libbb/lib.a(get_line_from_file.o)
                              coreutils/lib.a(cut.o) (xmalloc_getline)
libbb/lib.a(getopt32.o)       coreutils/lib.a(cat.o) (getopt32)
libbb/lib.a(human_readable.o)
                              coreutils/lib.a(df.o) (make_human_readable_str)
[...]
Memory Configuration

Name             Origin             Length             Attributes
*default*        0x0000000000000000 0xffffffffffffffff

Linker script and memory map

LOAD /projects/hnd/tools/linux/hndtools-mipsel-linux-uclibc-4.2.3/lib/gcc/mipsel-linux-uclibc/4.2.3/../../../../mipsel-linux-uclibc/lib/crt1.o
LOAD /projects/hnd/tools/linux/hndtools-mipsel-linux-uclibc-4.2.3/lib/gcc/mipsel-linux-uclibc/4.2.3/../../../../mipsel-linux-uclibc/lib/crti.o
LOAD /projects/hnd/tools/linux/hndtools-mipsel-linux-uclibc-4.2.3/lib/gcc/mipsel-linux-uclibc/4.2.3/crtbegin.o
START GROUP
LOAD applets/built-in.o
LOAD archival/lib.a
LOAD archival/libunarchive/lib.a
LOAD console-tools/lib.a
LOAD coreutils/lib.a
LOAD coreutils/libcoreutils/lib.a
LOAD debianutils/lib.a
LOAD e2fsprogs/lib.a
LOAD editors/lib.a
LOAD findutils/lib.a
LOAD init/lib.a
LOAD ipsvd/lib.a
LOAD libbb/lib.a
LOAD libpwdgrp/lib.a
LOAD loginutils/lib.a
LOAD miscutils/lib.a
LOAD modutils/lib.a
LOAD networking/lib.a
LOAD networking/libiproute/lib.a
LOAD networking/udhcp/lib.a
LOAD procps/lib.a
LOAD runit/lib.a
LOAD selinux/lib.a
LOAD shell/lib.a
LOAD sysklogd/lib.a
LOAD util-linux/lib.a
LOAD archival/built-in.o
LOAD archival/libunarchive/built-in.o
LOAD console-tools/built-in.o
LOAD coreutils/built-in.o
LOAD coreutils/libcoreutils/built-in.o
LOAD debianutils/built-in.o
LOAD e2fsprogs/built-in.o
LOAD editors/built-in.o
LOAD findutils/built-in.o
LOAD init/built-in.o
LOAD ipsvd/built-in.o
LOAD libbb/built-in.o
LOAD libpwdgrp/built-in.o
LOAD loginutils/built-in.o
LOAD miscutils/built-in.o
LOAD modutils/built-in.o
LOAD networking/built-in.o
LOAD networking/libiproute/built-in.o
LOAD networking/udhcp/built-in.o
LOAD procps/built-in.o
LOAD runit/built-in.o
LOAD selinux/built-in.o
LOAD shell/built-in.o
LOAD sysklogd/built-in.o
LOAD util-linux/built-in.o
END GROUP
START GROUP
LOAD /projects/hnd/tools/linux/hndtools-mipsel-linux-uclibc-4.2.3/lib/gcc/mipsel-linux-uclibc/4.2.3/../../../../mipsel-linux-uclibc/lib/libcrypt.so
END GROUP
LOAD /projects/hnd/tools/linux/hndtools-mipsel-linux-uclibc-4.2.3/lib/gcc/mipsel-linux-uclibc/4.2.3/libgcc.a
LOAD /projects/hnd/tools/linux/hndtools-mipsel-linux-uclibc-4.2.3/lib/gcc/mipsel-linux-uclibc/4.2.3/../../../../mipsel-linux-uclibc/lib/libgcc_s.so
LOAD /projects/hnd/tools/linux/hndtools-mipsel-linux-uclibc-4.2.3/lib/gcc/mipsel-linux-uclibc/4.2.3/../../../../mipsel-linux-uclibc/lib/libc.so
START GROUP
LOAD /projects/hnd/tools/linux/hndtools-mipsel-linux-uclibc-4.2.3/lib/libc.so.0
LOAD /projects/hnd/tools/linux/hndtools-mipsel-linux-uclibc-4.2.3/lib/uclibc_nonshared.a
END GROUP
LOAD /projects/hnd/tools/linux/hndtools-mipsel-linux-uclibc-4.2.3/lib/gcc/mipsel-linux-uclibc/4.2.3/libgcc.a
LOAD /projects/hnd/tools/linux/hndtools-mipsel-linux-uclibc-4.2.3/lib/gcc/mipsel-linux-uclibc/4.2.3/../../../../mipsel-linux-uclibc/lib/libgcc_s.so
LOAD /projects/hnd/tools/linux/hndtools-mipsel-linux-uclibc-4.2.3/lib/gcc/mipsel-linux-uclibc/4.2.3/crtend.o
LOAD /projects/hnd/tools/linux/hndtools-mipsel-linux-uclibc-4.2.3/lib/gcc/mipsel-linux-uclibc/4.2.3/../../../../mipsel-linux-uclibc/lib/crtn.o
                0x0000000000400000                PROVIDE (__executable_start, 0x400000)
                0x00000000004000f4                . = (0x400000 + SIZEOF_HEADERS)

.interp         0x00000000004000f4       0x14
 *(.interp)
 .interp        0x00000000004000f4       0x14 /projects/hnd/tools/linux/hndtools-mipsel-linux-uclibc-4.2.3/lib/gcc/mipsel-linux-uclibc/4.2.3/../../../../mipsel-linux-uclibc/lib/crt1.o

.reginfo
 *(.reginfo)

.dynamic        0x0000000000400108      0x100
 *(.dynamic)
 .dynamic       0x0000000000400108      0x100 /projects/hnd/tools/linux/hndtools-mipsel-linux-uclibc-4.2.3/lib/gcc/mipsel-linux-uclibc/4.2.3/../../../../mipsel-linux-uclibc/lib/crt1.o
                0x0000000000400108                _DYNAMIC

.hash           0x0000000000400208     0x11ec
 *(.hash)
 .hash          0x0000000000400208     0x11ec /projects/hnd/tools/linux/hndtools-mipsel-linux-uclibc-4.2.3/lib/gcc/mipsel-linux-uclibc/4.2.3/../../../../mipsel-linux-uclibc/lib/crt1.o

.dynsym         0x00000000004013f4     0x2700
 *(.dynsym)
 .dynsym        0x00000000004013f4     0x2700 /projects/hnd/tools/linux/hndtools-mipsel-linux-uclibc-4.2.3/lib/gcc/mipsel-linux-uclibc/4.2.3/../../../../mipsel-linux-uclibc/lib/crt1.o

.dynstr         0x0000000000403af4     0x19eb
 *(.dynstr)
 .dynstr        0x0000000000403af4     0x19eb /projects/hnd/tools/linux/hndtools-mipsel-linux-uclibc-4.2.3/lib/gcc/mipsel-linux-uclibc/4.2.3/../../../../mipsel-linux-uclibc/lib/crt1.o

.gnu.version    0x00000000004054e0      0x4e0
 *(.gnu.version)
 .gnu.version   0x00000000004054e0      0x4e0 /projects/hnd/tools/linux/hndtools-mipsel-linux-uclibc-4.2.3/lib/gcc/mipsel-linux-uclibc/4.2.3/../../../../mipsel-linux-uclibc/lib/crt1.o

.gnu.version_d  0x00000000004059c0        0x0
 *(.gnu.version_d)
 .gnu.version_d
                0x0000000000000000        0x0 /projects/hnd/tools/linux/hndtools-mipsel-linux-uclibc-4.2.3/lib/gcc/mipsel-linux-uclibc/4.2.3/../../../../mipsel-linux-uclibc/lib/crt1.o

.gnu.version_r  0x00000000004059c0       0x20
 *(.gnu.version_r)
 .gnu.version_r
                0x00000000004059c0       0x20 /projects/hnd/tools/linux/hndtools-mipsel-linux-uclibc-4.2.3/lib/gcc/mipsel-linux-uclibc/4.2.3/../../../../mipsel-linux-uclibc/lib/crt1.o

.rel.dyn        0x00000000004059e0        0x0
 *(.rel.init)
 *(.rel.text .rel.text.* .rel.gnu.linkonce.t.*)
 *(.rel.fini)
 *(.rel.rodata .rel.rodata.* .rel.gnu.linkonce.r.*)
 *(.rel.data.rel.ro* .rel.gnu.linkonce.d.rel.ro.*)
 *(.rel.data .rel.data.* .rel.gnu.linkonce.d.*)
 *(.rel.tdata .rel.tdata.* .rel.gnu.linkonce.td.*)
 *(.rel.tbss .rel.tbss.* .rel.gnu.linkonce.tb.*)
 *(.rel.ctors)
 *(.rel.dtors)
 *(.rel.got)
 *(.rel.sdata .rel.sdata.* .rel.gnu.linkonce.s.*)
 *(.rel.sbss .rel.sbss.* .rel.gnu.linkonce.sb.*)
 *(.rel.sdata2 .rel.sdata2.* .rel.gnu.linkonce.s2.*)
 *(.rel.sbss2 .rel.sbss2.* .rel.gnu.linkonce.sb2.*)
 *(.rel.bss .rel.bss.* .rel.gnu.linkonce.b.*)
 .rel.dyn       0x0000000000000000        0x0 /projects/hnd/tools/linux/hndtools-mipsel-linux-uclibc-4.2.3/lib/gcc/mipsel-linux-uclibc/4.2.3/../../../../mipsel-linux-uclibc/lib/crt1.o

.rela.dyn
 *(.rela.init)
 *(.rela.text .rela.text.* .rela.gnu.linkonce.t.*)
 *(.rela.fini)
 *(.rela.rodata .rela.rodata.* .rela.gnu.linkonce.r.*)
 *(.rela.data .rela.data.* .rela.gnu.linkonce.d.*)
 *(.rela.tdata .rela.tdata.* .rela.gnu.linkonce.td.*)
 *(.rela.tbss .rela.tbss.* .rela.gnu.linkonce.tb.*)
 *(.rela.ctors)
 *(.rela.dtors)
 *(.rela.got)
 *(.rela.sdata .rela.sdata.* .rela.gnu.linkonce.s.*)
 *(.rela.sbss .rela.sbss.* .rela.gnu.linkonce.sb.*)
 *(.rela.sdata2 .rela.sdata2.* .rela.gnu.linkonce.s2.*)
 *(.rela.sbss2 .rela.sbss2.* .rela.gnu.linkonce.sb2.*)
 *(.rela.bss .rela.bss.* .rela.gnu.linkonce.b.*)

.rel.plt
 *(.rel.plt)

.rela.plt
 *(.rela.plt)

.init           0x00000000004059e0       0x88
 *(.init)
 .init          0x00000000004059e0       0x1c /projects/hnd/tools/linux/hndtools-mipsel-linux-uclibc-4.2.3/lib/gcc/mipsel-linux-uclibc/4.2.3/../../../../mipsel-linux-uclibc/lib/crti.o
                0x00000000004059e0                _init
 .init          0x00000000004059fc       0x30 /projects/hnd/tools/linux/hndtools-mipsel-linux-uclibc-4.2.3/lib/gcc/mipsel-linux-uclibc/4.2.3/crtbegin.o
 .init          0x0000000000405a2c       0x30 /projects/hnd/tools/linux/hndtools-mipsel-linux-uclibc-4.2.3/lib/gcc/mipsel-linux-uclibc/4.2.3/crtend.o
 .init          0x0000000000405a5c        0xc /projects/hnd/tools/linux/hndtools-mipsel-linux-uclibc-4.2.3/lib/gcc/mipsel-linux-uclibc/4.2.3/../../../../mipsel-linux-uclibc/lib/crtn.o

.plt
 *(.plt)

.text           0x0000000000405a70    0x4e470
                0x0000000000405a70                _ftext = .
 *(.text .stub .text.* .gnu.linkonce.t.*)
 .text          0x0000000000405a70       0x60 /projects/hnd/tools/linux/hndtools-mipsel-linux-uclibc-4.2.3/lib/gcc/mipsel-linux-uclibc/4.2.3/../../../../mipsel-linux-uclibc/lib/crt1.o
                0x0000000000405a70                __start
 .text          0x0000000000405ad0      0x150 /projects/hnd/tools/linux/hndtools-mipsel-linux-uclibc-4.2.3/lib/gcc/mipsel-linux-uclibc/4.2.3/crtbegin.o
 .text.get_trimmed_slice
                0x0000000000405c20       0x7c applets/built-in.o
 .text.applet_name_compare
                0x0000000000405c9c       0x20 applets/built-in.o
 .text.find_applet_by_name
                0x0000000000405cbc       0x4c applets/built-in.o
                0x0000000000405cbc                find_applet_by_name
 .text.bb_show_usage
                0x0000000000405d08      0x180 applets/built-in.o
                0x0000000000405d08                bb_show_usage
 .text.run_current_applet_and_exit
                0x0000000000405e88      0x36c applets/built-in.o
                0x0000000000405e88                run_current_applet_and_exit
 .text.run_applet_and_exit
                0x00000000004061f4      0x24c applets/built-in.o
                0x00000000004061f4                run_applet_and_exit
 .text.main     0x0000000000406440      0x5bc applets/built-in.o
                0x0000000000406440                main
 .text.dealloc_bunzip
                0x00000000004069fc       0x58 archival/libunarchive/lib.a(decompress_bunzip2.o)
                0x00000000004069fc                dealloc_bunzip
 .text.get_bits
                0x0000000000406a54      0x130 archival/libunarchive/lib.a(decompress_bunzip2.o)
 .text.start_bunzip
                0x0000000000406b84      0x190 archival/libunarchive/lib.a(decompress_bunzip2.o)
                0x0000000000406b84                start_bunzip
 .text.get_next_block
                0x0000000000406d14      0xa50 archival/libunarchive/lib.a(decompress_bunzip2.o)
 .text.read_bunzip
                0x0000000000407764      0x1ec archival/libunarchive/lib.a(decompress_bunzip2.o)
                0x0000000000407764                read_bunzip
 .text.clear_main
                0x0000000000407950       0x44 console-tools/lib.a(clear.o)
                0x0000000000407950                clear_main
 .text.reset_main
                0x0000000000407994       0x5c console-tools/lib.a(reset.o)
                0x0000000000407994                reset_main
 .text.basename_main
                0x00000000004079f0      0x104 coreutils/lib.a(basename.o)
                0x00000000004079f0                basename_main
 .text.bb_cat   0x0000000000407af4      0x100 coreutils/lib.a(cat.o)
                0x0000000000407af4                bb_cat
 .text.cat_main
                0x0000000000407bf4       0x60 coreutils/lib.a(cat.o)
                0x0000000000407bf4                cat_main
 .text.chgrp_main
                0x0000000000407c54       0x9c coreutils/lib.a(chgrp.o)
                0x0000000000407c54                chgrp_main
 .text.chmod_main
                0x0000000000407cf0      0x16c coreutils/lib.a(chmod.o)
                0x0000000000407cf0                chmod_main
 .text.fileAction
                0x0000000000407e5c       0xfc coreutils/lib.a(chmod.o)
 .text.chown_main
                0x0000000000407f58      0x130 coreutils/lib.a(chown.o)
                0x0000000000407f58                chown_main
 .text.fileAction
                0x0000000000408088       0x90 coreutils/lib.a(chown.o)
 .text.cp_main  0x0000000000408118      0x1f0 coreutils/lib.a(cp.o)
                0x0000000000408118                cp_main
 .text.cmpfunc  0x0000000000408308       0x10 coreutils/lib.a(cut.o)
 .text.cut_file
                0x0000000000408318      0x574 coreutils/lib.a(cut.o)
 .text.cut_main
                0x000000000040888c      0x450 coreutils/lib.a(cut.o)
                0x000000000040888c                cut_main
 .text.octal_char_cast
                0x0000000000408cdc       0xa8 coreutils/lib.a(df.o)
                0x0000000000408cdc                octal_char_cast
 .text.df_main  0x0000000000408d84      0x4a8 coreutils/lib.a(df.o)
                0x0000000000408d84                df_main
 .text.dirname_main
                0x000000000040922c       0x7c coreutils/lib.a(dirname.o)
                0x000000000040922c                dirname_main
 .text.print    0x00000000004092a8       0x6c coreutils/lib.a(du.o)
 .text.du       0x0000000000409314      0x328 coreutils/lib.a(du.o)
 .text.du_main  0x000000000040963c      0x24c coreutils/lib.a(du.o)
                0x000000000040963c                du_main
 .text.bb_echo  0x0000000000409888      0x30c coreutils/lib.a(echo.o)
                0x0000000000409888                bb_echo
 .text.echo_main
                0x0000000000409b94       0x1c coreutils/lib.a(echo.o)
                0x0000000000409b94                echo_main
 .text.env_main
                0x0000000000409bb0      0x1f4 coreutils/lib.a(env.o)
                0x0000000000409bb0                env_main
 .text.null     0x0000000000409da4       0x5c coreutils/lib.a(expr.o)
 .text.int_value
                0x0000000000409e00       0x48 coreutils/lib.a(expr.o)
 .text.tostring
                0x0000000000409e48       0x64 coreutils/lib.a(expr.o)
 .text.str_value
                0x0000000000409eac       0x6c coreutils/lib.a(expr.o)
 .text.docolon  0x0000000000409f18      0x1b8 coreutils/lib.a(expr.o)
 .text.toarith  0x000000000040a0d0       0xa8 coreutils/lib.a(expr.o)
 .text.arithmetic_common
                0x000000000040a178      0x11c coreutils/lib.a(expr.o)
 .text.freev    0x000000000040a294       0x5c coreutils/lib.a(expr.o)
 .text.nextarg  0x000000000040a2f0       0x60 coreutils/lib.a(expr.o)
 .text.eval6    0x000000000040a350      0x4a8 coreutils/lib.a(expr.o)
 .text.eval5    0x000000000040a7f8      0x120 coreutils/lib.a(expr.o)
 .text.eval4    0x000000000040a918      0x17c coreutils/lib.a(expr.o)
 .text.eval3    0x000000000040aa94      0x160 coreutils/lib.a(expr.o)
 .text.eval2    0x000000000040abf4      0x2b8 coreutils/lib.a(expr.o)
 .text.eval1    0x000000000040aeac      0x154 coreutils/lib.a(expr.o)
 .text.eval     0x000000000040b000      0x114 coreutils/lib.a(expr.o)
 .text.expr_main
                0x000000000040b114       0xf8 coreutils/lib.a(expr.o)
                0x000000000040b114                expr_main
 .text.false_main
                0x000000000040b20c        0x8 coreutils/lib.a(false.o)
                0x000000000040b20c                false_main
 .text.head_main
                0x000000000040b214      0x378 coreutils/lib.a(head.o)
                0x000000000040b214                head_main
 .text.hostid_main
                0x000000000040b58c       0x7c coreutils/lib.a(hostid.o)
                0x000000000040b58c                hostid_main
 .text.printf_full
                0x000000000040b608       0x70 coreutils/lib.a(id.o)
 .text.id_main  0x000000000040b678      0x33c coreutils/lib.a(id.o)
                0x000000000040b678                id_main
 .text.ln_main  0x000000000040b9b4      0x374 coreutils/lib.a(ln.o)
                0x000000000040b9b4                ln_main
 .text.append_char
                0x000000000040bd28       0x88 coreutils/lib.a(ls.o)
 .text.count_dirs
                0x000000000040bdb0       0x98 coreutils/lib.a(ls.o)
 .text.my_stat  0x000000000040be48      0x108 coreutils/lib.a(ls.o)
 .text.dnalloc  0x000000000040bf50       0x2c coreutils/lib.a(ls.o)
 .text.splitdnarray
                0x000000000040bf7c      0x174 coreutils/lib.a(ls.o)
 .text.showfiles
                0x000000000040c0f0      0x840 coreutils/lib.a(ls.o)
 .text.dnsort   0x000000000040c930       0x20 coreutils/lib.a(ls.o)
 .text.sortcmp  0x000000000040c950      0x110 coreutils/lib.a(ls.o)
 .text.showdirs
                0x000000000040ca60      0x410 coreutils/lib.a(ls.o)
 .text.ls_main  0x000000000040ce70      0x50c coreutils/lib.a(ls.o)
                0x000000000040ce70                ls_main
 .text.mkdir_main
                0x000000000040d37c      0x124 coreutils/lib.a(mkdir.o)
                0x000000000040d37c                mkdir_main
 .text.mkfifo_main
                0x000000000040d4a0       0xe0 coreutils/lib.a(mkfifo.o)
                0x000000000040d4a0                mkfifo_main
 .text.mknod_main
                0x000000000040d580      0x194 coreutils/lib.a(mknod.o)
                0x000000000040d580                mknod_main
 .text.mv_main  0x000000000040d714      0x380 coreutils/lib.a(mv.o)
                0x000000000040d714                mv_main
 .text.multiconvert
                0x000000000040da94       0xcc coreutils/lib.a(printf.o)
 .text.my_xstrtod
                0x000000000040db60       0x48 coreutils/lib.a(printf.o)
 .text.my_xstrtol
                0x000000000040dba8       0x48 coreutils/lib.a(printf.o)
 .text.my_xstrtoul
                0x000000000040dbf0       0x48 coreutils/lib.a(printf.o)
 .text.conv_strtoul
                0x000000000040dc38       0x48 coreutils/lib.a(printf.o)
 .text.print_direc
                0x000000000040dc80      0x358 coreutils/lib.a(printf.o)
 .text.printf_main
                0x000000000040dfd8      0x5d8 coreutils/lib.a(printf.o)
                0x000000000040dfd8                printf_main
 .text.conv_strtol
                0x000000000040e5b0       0x48 coreutils/lib.a(printf.o)
 .text.conv_strtod
                0x000000000040e5f8       0x70 coreutils/lib.a(printf.o)
 .text.pwd_main
                0x000000000040e668       0x94 coreutils/lib.a(pwd.o)
                0x000000000040e668                pwd_main
 .text.rm_main  0x000000000040e6fc      0x184 coreutils/lib.a(rm.o)
                0x000000000040e6fc                rm_main
 .text.rmdir_main
                0x000000000040e880      0x150 coreutils/lib.a(rmdir.o)
                0x000000000040e880                rmdir_main
 .text.sleep_main
                0x000000000040e9d0       0xbc coreutils/lib.a(sleep.o)
                0x000000000040e9d0                sleep_main
 .text.eat_num  0x000000000040ea8c       0x48 coreutils/lib.a(tail.o)
 .text.tail_xprint_header
                0x000000000040ead4       0x58 coreutils/lib.a(tail.o)
 .text.tail_read
                0x000000000040eb2c      0x138 coreutils/lib.a(tail.o)
 .text.tail_main
                0x000000000040ec64      0x6ec coreutils/lib.a(tail.o)
                0x000000000040ec64                tail_main
 .text.t_lex    0x000000000040f350       0xa0 coreutils/lib.a(test.o)
 .text.syntax   0x000000000040f3f0       0x80 coreutils/lib.a(test.o)
 .text.getn     0x000000000040f470       0xc0 coreutils/lib.a(test.o)
 .text.binop    0x000000000040f530      0x2a8 coreutils/lib.a(test.o)
 .text.nexpr    0x000000000040f7d8      0x5b4 coreutils/lib.a(test.o)
 .text.aexpr    0x000000000040fd8c       0xe0 coreutils/lib.a(test.o)
 .text.oexpr    0x000000000040fe6c       0xe0 coreutils/lib.a(test.o)
 .text.test_main
                0x000000000040ff4c      0x32c coreutils/lib.a(test.o)
                0x000000000040ff4c                test_main
 .text.touch_main
                0x0000000000410278      0x148 coreutils/lib.a(touch.o)
                0x0000000000410278                touch_main
 .text.true_main
                0x00000000004103c0        0x8 coreutils/lib.a(true.o)
                0x00000000004103c0                true_main
 .text.uname_main
                0x00000000004103c8      0x204 coreutils/lib.a(uname.o)
                0x00000000004103c8                uname_main
 .text.usleep_main
                0x00000000004105cc       0x88 coreutils/lib.a(usleep.o)
                0x00000000004105cc                usleep_main
 .text.yes_main
                0x0000000000410654      0x164 coreutils/lib.a(yes.o)
                0x0000000000410654                yes_main
 .text.cp_mv_stat2
                0x00000000004107b8       0xb0 coreutils/libcoreutils/lib.a(cp_mv_stat.o)
                0x00000000004107b8                cp_mv_stat2
 .text.cp_mv_stat
                0x0000000000410868       0x20 coreutils/libcoreutils/lib.a(cp_mv_stat.o)
                0x0000000000410868                cp_mv_stat
 .text.getopt_mk_fifo_nod
                0x0000000000410888       0x90 coreutils/libcoreutils/lib.a(getopt_mk_fifo_nod.o)
                0x0000000000410888                getopt_mk_fifo_nod
 .text.func_type
                0x0000000000410918       0x18 findutils/lib.a(find.o)
 .text.func_prune
                0x0000000000410930        0x8 findutils/lib.a(find.o)
 .text.alloc_action.6831
                0x0000000000410938       0xf0 findutils/lib.a(find.o)
 .text.parse_params
                0x0000000000410a28      0x478 findutils/lib.a(find.o)
 .text.find_main
                0x0000000000410ea0      0x1a8 findutils/lib.a(find.o)
                0x0000000000410ea0                find_main
 .text.func_regex
                0x0000000000411048       0x84 findutils/lib.a(find.o)
 .text.func_path
                0x00000000004110cc       0x40 findutils/lib.a(find.o)
 .text.func_name
                0x000000000041110c       0xb0 findutils/lib.a(find.o)
 .text.func_exec
                0x00000000004111bc      0x248 findutils/lib.a(find.o)
 .text.fileAction
                0x0000000000411404      0x118 findutils/lib.a(find.o)
 .text.func_print
                0x000000000041151c       0x3c findutils/lib.a(find.o)
 .text.add_grep_list_data
                0x0000000000411558       0x48 findutils/lib.a(grep.o)
 .text.print_line
                0x00000000004115a0      0x180 findutils/lib.a(grep.o)
 .text.grep_file
                0x0000000000411720      0x558 findutils/lib.a(grep.o)
 .text.grep_main
                0x0000000000411c78      0x6a0 findutils/lib.a(grep.o)
                0x0000000000411c78                grep_main
 .text.file_action_grep
                0x0000000000412318       0xfc findutils/lib.a(grep.o)
 .text.xargs_main
                0x0000000000412414      0x690 findutils/lib.a(xargs.o)
                0x0000000000412414                xargs_main
 .text.process0_stdin
                0x0000000000412aa4      0x1f0 findutils/lib.a(xargs.o)
 .text.process_stdin
                0x0000000000412c94      0x340 findutils/lib.a(xargs.o)
 .text.halt_main
                0x0000000000412fd4      0x128 init/lib.a(halt.o)
                0x0000000000412fd4                halt_main
 .text.bb_ask_confirmation
                0x00000000004130fc      0x108 libbb/lib.a(ask_confirmation.o)
                0x00000000004130fc                bb_ask_confirmation
 .text.bb_basename
                0x0000000000413204       0x50 libbb/lib.a(bb_basename.o)
                0x0000000000413204                bb_basename
 .text.get_ug_id
                0x0000000000413254       0x8c libbb/lib.a(bb_pwd.o)
                0x0000000000413254                get_ug_id
 .text.xuname2uid
                0x00000000004132e0       0x60 libbb/lib.a(bb_pwd.o)
                0x00000000004132e0                xuname2uid
 .text.xgroup2gid
                0x0000000000413340       0x60 libbb/lib.a(bb_pwd.o)
                0x0000000000413340                xgroup2gid
 .text.bb_getug
                0x00000000004133a0       0xa8 libbb/lib.a(bb_pwd.o)
 .text.bb_getgrgid
                0x0000000000413448       0x88 libbb/lib.a(bb_pwd.o)
                0x0000000000413448                bb_getgrgid
 .text.bb_getpwuid
                0x00000000004134d0       0x88 libbb/lib.a(bb_pwd.o)
                0x00000000004134d0                bb_getpwuid
 .text.ret_ERANGE
                0x0000000000413558       0x28 libbb/lib.a(bb_strtonum.o)
 .text.handle_errors
                0x0000000000413580       0xcc libbb/lib.a(bb_strtonum.o)
 .text.bb_strtol
                0x000000000041364c       0xdc libbb/lib.a(bb_strtonum.o)
                0x000000000041364c                bb_strtol
 .text.bb_strtoul
                0x0000000000413728       0xc8 libbb/lib.a(bb_strtonum.o)
                0x0000000000413728                bb_strtoul
 .text.bb_strtoull
                0x00000000004137f0       0xc4 libbb/lib.a(bb_strtonum.o)
                0x00000000004137f0                bb_strtoull
 .text.index_in_strings
                0x00000000004138b4       0xa0 libbb/lib.a(compare_string_array.o)
                0x00000000004138b4                index_in_strings
 .text.concat_path_file
                0x0000000000413954       0xb0 libbb/lib.a(concat_path_file.o)
                0x0000000000413954                concat_path_file
 .text.concat_subpath_file
                0x0000000000413a04       0x64 libbb/lib.a(concat_subpath_file.o)
                0x0000000000413a04                concat_subpath_file
 .text.ask_and_unlink
                0x0000000000413a68       0xb8 libbb/lib.a(copy_file.o)
 .text.copy_file
                0x0000000000413b20      0x93c libbb/lib.a(copy_file.o)
                0x0000000000413b20                copy_file
 .text.bb_full_fd_action
                0x000000000041445c      0x194 libbb/lib.a(copyfd.o)
 .text.bb_copyfd_eof
                0x00000000004145f0       0x24 libbb/lib.a(copyfd.o)
                0x00000000004145f0                bb_copyfd_eof
 .text.crc32_filltable
                0x0000000000414614       0xdc libbb/lib.a(crc32.o)
                0x0000000000414614                crc32_filltable
 .text.bb_error_msg
                0x00000000004146f0       0x50 libbb/lib.a(error_msg.o)
                0x00000000004146f0                bb_error_msg
 .text.xfunc_die
                0x0000000000414740       0x5c libbb/lib.a(error_msg_and_die.o)
                0x0000000000414740                xfunc_die
 .text.bb_error_msg_and_die
                0x000000000041479c       0x54 libbb/lib.a(error_msg_and_die.o)
                0x000000000041479c                bb_error_msg_and_die
 .text.fclose_if_not_stdin
                0x00000000004147f0       0x3c libbb/lib.a(fclose_nonstdin.o)
                0x00000000004147f0                fclose_if_not_stdin
 .text.fflush_stdout_and_exit
                0x000000000041482c       0x64 libbb/lib.a(fflush_stdout_and_exit.o)
                0x000000000041482c                fflush_stdout_and_exit
 .text.find_mount_point
                0x0000000000414890      0x1dc libbb/lib.a(find_mount_point.o)
                0x0000000000414890                find_mount_point
 .text.find_block_device_in_dir
                0x0000000000414a6c      0x1ec libbb/lib.a(find_root_device.o)
 .text.find_block_device
                0x0000000000414c58       0xac libbb/lib.a(find_root_device.o)
                0x0000000000414c58                find_block_device
 .text.full_write
                0x0000000000414d04       0x88 libbb/lib.a(full_write.o)
                0x0000000000414d04                full_write
 .text.bb_get_last_path_component
                0x0000000000414d8c       0x60 libbb/lib.a(get_last_path_component.o)
                0x0000000000414d8c                bb_get_last_path_component
 .text.bb_get_chunk_from_file
                0x0000000000414dec      0x148 libbb/lib.a(get_line_from_file.o)
                0x0000000000414dec                bb_get_chunk_from_file
 .text.xmalloc_getline
                0x0000000000414f34       0x68 libbb/lib.a(get_line_from_file.o)
                0x0000000000414f34                xmalloc_getline
 .text.xmalloc_fgets
                0x0000000000414f9c       0x3c libbb/lib.a(get_line_from_file.o)
                0x0000000000414f9c                xmalloc_fgets
 .text.getopt32
                0x0000000000414fd8      0x77c libbb/lib.a(getopt32.o)
                0x0000000000414fd8                getopt32
 .text.make_human_readable_str
                0x0000000000415754      0x19c libbb/lib.a(human_readable.o)
                0x0000000000415754                make_human_readable_str
 .text.is_in_ino_dev_hashtable
                0x00000000004158f0       0xf0 libbb/lib.a(inode_hash.o)
                0x00000000004158f0                is_in_ino_dev_hashtable
 .text.add_to_ino_dev_hashtable
                0x00000000004159e0      0x12c libbb/lib.a(inode_hash.o)
                0x00000000004159e0                add_to_ino_dev_hashtable
 .text.is_directory
                0x0000000000415b0c       0x7c libbb/lib.a(isdirectory.o)
                0x0000000000415b0c                is_directory
 .text.last_char_is
                0x0000000000415b88       0x7c libbb/lib.a(last_char_is.o)
                0x0000000000415b88                last_char_is
 .text.llist_add_to_end
                0x0000000000415c04       0x80 libbb/lib.a(llist.o)
                0x0000000000415c04                llist_add_to_end
 .text.llist_add_to
                0x0000000000415c84       0x5c libbb/lib.a(llist.o)
                0x0000000000415c84                llist_add_to
 .text.bb_make_directory
                0x0000000000415ce0      0x264 libbb/lib.a(make_directory.o)
                0x0000000000415ce0                bb_make_directory
 .text.bb_makedev
                0x0000000000415f44       0x58 libbb/lib.a(makedev.o)
                0x0000000000415f44                bb_makedev
 .text.bb_mode_string
                0x0000000000415f9c       0xcc libbb/lib.a(mode_string.o)
                0x0000000000415f9c                bb_mode_string
 .text.bb_parse_mode
                0x0000000000416068      0x318 libbb/lib.a(parse_mode.o)
                0x0000000000416068                bb_parse_mode
 .text.bb_perror_msg
                0x0000000000416380       0x8c libbb/lib.a(perror_msg.o)
                0x0000000000416380                bb_perror_msg
 .text.bb_perror_msg_and_die
                0x000000000041640c       0x8c libbb/lib.a(perror_msg_and_die.o)
                0x000000000041640c                bb_perror_msg_and_die
 .text.bb_perror_nomsg_and_die
                0x0000000000416498       0x1c libbb/lib.a(perror_nomsg_and_die.o)
                0x0000000000416498                bb_perror_nomsg_and_die
 .text.bb_process_escape_sequence
                0x00000000004164b4      0x10c libbb/lib.a(process_escape_sequence.o)
                0x00000000004164b4                bb_process_escape_sequence
 .text.fast_strtoul_10
                0x00000000004165c0       0x48 libbb/lib.a(procps.o)
 .text.skip_fields
                0x0000000000416608       0x24 libbb/lib.a(procps.o)
 .text.read_cmdline
                0x000000000041662c       0xf0 libbb/lib.a(procps.o)
                0x000000000041662c                read_cmdline
 .text.clear_cache
                0x000000000041671c       0x4c libbb/lib.a(procps.o)
 .text.clear_username_cache
                0x0000000000416768       0x54 libbb/lib.a(procps.o)
                0x0000000000416768                clear_username_cache
 .text.read_to_buf
                0x00000000004167bc       0xa8 libbb/lib.a(procps.o)
 .text.free_procps_scan
                0x0000000000416864       0x70 libbb/lib.a(procps.o)
                0x0000000000416864                free_procps_scan
 .text.alloc_procps_scan
                0x00000000004168d4       0x64 libbb/lib.a(procps.o)
                0x00000000004168d4                alloc_procps_scan
 .text.procps_scan
                0x0000000000416938      0x3f8 libbb/lib.a(procps.o)
                0x0000000000416938                procps_scan
 .text.get_cached
                0x0000000000416d30       0xcc libbb/lib.a(procps.o)
 .text.get_cached_groupname
                0x0000000000416dfc       0x28 libbb/lib.a(procps.o)
                0x0000000000416dfc                get_cached_groupname
 .text.get_cached_username
                0x0000000000416e24       0x28 libbb/lib.a(procps.o)
                0x0000000000416e24                get_cached_username
 .text.safe_read
                0x0000000000416e4c       0x8c libbb/lib.a(read.o)
                0x0000000000416e4c                safe_read
 .text.full_read
                0x0000000000416ed8       0x90 libbb/lib.a(read.o)
                0x0000000000416ed8                full_read
 .text.read_close
                0x0000000000416f68       0x64 libbb/lib.a(read.o)
                0x0000000000416f68                read_close
 .text.xmalloc_open_read_close
                0x0000000000416fcc      0x174 libbb/lib.a(read.o)
                0x0000000000416fcc                xmalloc_open_read_close
 .text.open_read_close
                0x0000000000417140       0x74 libbb/lib.a(read.o)
                0x0000000000417140                open_read_close
 .text.true_action
                0x00000000004171b4        0x8 libbb/lib.a(recursive_action.o)
 .text.recursive_action
                0x00000000004171bc      0x28c libbb/lib.a(recursive_action.o)
                0x00000000004171bc                recursive_action
 .text.remove_file
                0x0000000000417448      0x388 libbb/lib.a(remove_file.o)
                0x0000000000417448                remove_file
 .text.safe_strncpy
                0x00000000004177d0       0x34 libbb/lib.a(safe_strncpy.o)
                0x00000000004177d0                safe_strncpy
 .text.safe_write
                0x0000000000417804       0x8c libbb/lib.a(safe_write.o)
                0x0000000000417804                safe_write
 .text.skip_non_whitespace
                0x0000000000417890       0x64 libbb/lib.a(skip_whitespace.o)
                0x0000000000417890                skip_non_whitespace
 .text.skip_whitespace
                0x00000000004178f4       0x54 libbb/lib.a(skip_whitespace.o)
                0x00000000004178f4                skip_whitespace
 .text.bb_verror_msg
                0x0000000000417948      0x26c libbb/lib.a(verror_msg.o)
                0x0000000000417948                bb_verror_msg
 .text.forkexit_or_rexec
                0x0000000000417bb4       0x70 libbb/lib.a(vfork_daemon_rexec.o)
                0x0000000000417bb4                forkexit_or_rexec
 .text.bb_daemonize_or_rexec
                0x0000000000417c24      0x1ac libbb/lib.a(vfork_daemon_rexec.o)
                0x0000000000417c24                bb_daemonize_or_rexec
 .text.wait4pid
                0x0000000000417dd0       0x98 libbb/lib.a(vfork_daemon_rexec.o)
                0x0000000000417dd0                wait4pid
 .text.spawn    0x0000000000417e68       0xb4 libbb/lib.a(vfork_daemon_rexec.o)
                0x0000000000417e68                spawn
 .text.spawn_and_wait
                0x0000000000417f1c       0x40 libbb/lib.a(vfork_daemon_rexec.o)
                0x0000000000417f1c                spawn_and_wait
 .text.fopen_or_warn
                0x0000000000417f5c       0x84 libbb/lib.a(wfopen.o)
                0x0000000000417f5c                fopen_or_warn
 .text.fopen_or_warn_stdin
                0x0000000000417fe0       0x70 libbb/lib.a(wfopen_input.o)
                0x0000000000417fe0                fopen_or_warn_stdin
 .text.xstrtoul_range_sfx
                0x0000000000418050      0x1bc libbb/lib.a(xatonum.o)
                0x0000000000418050                xstrtoul_range_sfx
 .text.xatoul_sfx
                0x000000000041820c       0x44 libbb/lib.a(xatonum.o)
                0x000000000041820c                xatoul_sfx
 .text.xatoul   0x0000000000418250       0x1c libbb/lib.a(xatonum.o)
                0x0000000000418250                xatoul
 .text.xatoul_range
                0x000000000041826c       0x44 libbb/lib.a(xatonum.o)
                0x000000000041826c                xatoul_range
 .text.xatou16  0x00000000004182b0       0x3c libbb/lib.a(xatonum.o)
                0x00000000004182b0                xatou16
 .text.xatoul_range_sfx
                0x00000000004182ec       0x48 libbb/lib.a(xatonum.o)
                0x00000000004182ec                xatoul_range_sfx
 .text.xatoi_u  0x0000000000418334       0x20 libbb/lib.a(xatonum.o)
                0x0000000000418334                xatoi_u
 .text.utoa_to_buf
                0x0000000000418354       0x8c libbb/lib.a(xfuncs.o)
                0x0000000000418354                utoa_to_buf
 .text.itoa_to_buf
                0x00000000004183e0       0x3c libbb/lib.a(xfuncs.o)
                0x00000000004183e0                itoa_to_buf
 .text.itoa     0x000000000041841c       0x4c libbb/lib.a(xfuncs.o)
                0x000000000041841c                itoa
 .text.bb_xioctl
                0x0000000000418468       0x5c libbb/lib.a(xfuncs.o)
                0x0000000000418468                bb_xioctl
 .text.bb_ioctl_or_warn
                0x00000000004184c4       0x6c libbb/lib.a(xfuncs.o)
                0x00000000004184c4                bb_ioctl_or_warn
 .text.ioctl_or_perror
                0x0000000000418530       0x94 libbb/lib.a(xfuncs.o)
                0x0000000000418530                ioctl_or_perror
 .text.ioctl_or_perror_and_die
                0x00000000004185c4       0x9c libbb/lib.a(xfuncs.o)
                0x00000000004185c4                ioctl_or_perror_and_die
 .text.get_terminal_width_height
                0x0000000000418660      0x160 libbb/lib.a(xfuncs.o)
                0x0000000000418660                get_terminal_width_height
 .text.xstat    0x00000000004187c0       0x5c libbb/lib.a(xfuncs.o)
                0x00000000004187c0                xstat
 .text.xlisten  0x000000000041881c       0x58 libbb/lib.a(xfuncs.o)
                0x000000000041881c                xlisten
 .text.xbind    0x0000000000418874       0x58 libbb/lib.a(xfuncs.o)
                0x0000000000418874                xbind
 .text.xsocket  0x00000000004188cc       0x58 libbb/lib.a(xfuncs.o)
                0x00000000004188cc                xsocket
 .text.xopendir
                0x0000000000418924       0x5c libbb/lib.a(xfuncs.o)
                0x0000000000418924                xopendir
 .text.warn_opendir
                0x0000000000418980       0x6c libbb/lib.a(xfuncs.o)
                0x0000000000418980                warn_opendir
 .text.xchdir   0x00000000004189ec       0x5c libbb/lib.a(xfuncs.o)
                0x00000000004189ec                xchdir
 .text.xasprintf
                0x0000000000418a48       0x74 libbb/lib.a(xfuncs.o)
                0x0000000000418a48                xasprintf
 .text.xlseek   0x0000000000418abc       0x9c libbb/lib.a(xfuncs.o)
                0x0000000000418abc                xlseek
 .text.xsetuid  0x0000000000418b58       0x58 libbb/lib.a(xfuncs.o)
                0x0000000000418b58                xsetuid
 .text.xsetgid  0x0000000000418bb0       0x58 libbb/lib.a(xfuncs.o)
                0x0000000000418bb0                xsetgid
 .text.xsetenv  0x0000000000418c08       0x58 libbb/lib.a(xfuncs.o)
                0x0000000000418c08                xsetenv
 .text.die_if_ferror
                0x0000000000418c60       0x5c libbb/lib.a(xfuncs.o)
                0x0000000000418c60                die_if_ferror
 .text.die_if_ferror_stdout
                0x0000000000418cbc       0x28 libbb/lib.a(xfuncs.o)
                0x0000000000418cbc                die_if_ferror_stdout
 .text.xwrite   0x0000000000418ce4       0x64 libbb/lib.a(xfuncs.o)
                0x0000000000418ce4                xwrite
 .text.xdup2    0x0000000000418d48       0x5c libbb/lib.a(xfuncs.o)
                0x0000000000418d48                xdup2
 .text.xmove_fd
                0x0000000000418da4       0x60 libbb/lib.a(xfuncs.o)
                0x0000000000418da4                xmove_fd
 .text.ndelay_off
                0x0000000000418e04       0x64 libbb/lib.a(xfuncs.o)
                0x0000000000418e04                ndelay_off
 .text.ndelay_on
                0x0000000000418e68       0x60 libbb/lib.a(xfuncs.o)
                0x0000000000418e68                ndelay_on
 .text.open3_or_warn
                0x0000000000418ec8       0x6c libbb/lib.a(xfuncs.o)
                0x0000000000418ec8                open3_or_warn
 .text.open_or_warn
                0x0000000000418f34       0x1c libbb/lib.a(xfuncs.o)
                0x0000000000418f34                open_or_warn
 .text.xopen3   0x0000000000418f50       0x5c libbb/lib.a(xfuncs.o)
                0x0000000000418f50                xopen3
 .text.xopen    0x0000000000418fac       0x1c libbb/lib.a(xfuncs.o)
                0x0000000000418fac                xopen
 .text.xfopen   0x0000000000418fc8       0x5c libbb/lib.a(xfuncs.o)
                0x0000000000418fc8                xfopen
 .text.xstrdup  0x0000000000419024       0x60 libbb/lib.a(xfuncs.o)
                0x0000000000419024                xstrdup
 .text.xrealloc
                0x0000000000419084       0x64 libbb/lib.a(xfuncs.o)
                0x0000000000419084                xrealloc
 .text.xmalloc  0x00000000004190e8       0x64 libbb/lib.a(xfuncs.o)
                0x00000000004190e8                xmalloc
 .text.xstrndup
                0x000000000041914c       0x90 libbb/lib.a(xfuncs.o)
                0x000000000041914c                xstrndup
 .text.xzalloc  0x00000000004191dc       0x68 libbb/lib.a(xfuncs.o)
                0x00000000004191dc                xzalloc
 .text.malloc_or_warn
                0x0000000000419244       0x74 libbb/lib.a(xfuncs.o)
                0x0000000000419244                malloc_or_warn
 .text.xrealloc_getcwd_or_warn
                0x00000000004192b8       0xec libbb/lib.a(xgetcwd.o)
                0x00000000004192b8                xrealloc_getcwd_or_warn
 .text.xmalloc_readlink
                0x00000000004193a4       0xbc libbb/lib.a(xreadlink.o)
                0x00000000004193a4                xmalloc_readlink
 .text.xmalloc_readlink_or_warn
                0x0000000000419460       0x6c libbb/lib.a(xreadlink.o)
                0x0000000000419460                xmalloc_readlink_or_warn
 .text.regcomp_or_errmsg
                0x00000000004194cc       0xd0 libbb/lib.a(xregcomp.o)
                0x00000000004194cc                regcomp_or_errmsg
 .text.xregcomp
                0x000000000041959c       0x58 libbb/lib.a(xregcomp.o)
                0x000000000041959c                xregcomp
 .text.get_uidgid
                0x00000000004195f4      0x1e0 libpwdgrp/lib.a(uidgid_get.o)
                0x00000000004195f4                get_uidgid
 .text.parse_chown_usergroup_or_die
                0x00000000004197d4      0x134 libpwdgrp/lib.a(uidgid_get.o)
                0x00000000004197d4                parse_chown_usergroup_or_die
 .text.addgroup_main
                0x0000000000419908      0x1b0 loginutils/lib.a(addgroup.o)
                0x0000000000419908                addgroup_main
 .text.adduser_main
                0x0000000000419ab8      0x5c0 loginutils/lib.a(adduser.o)
                0x0000000000419ab8                adduser_main
 .text.del_line_matching
                0x000000000041a078      0x338 loginutils/lib.a(deluser.o)
 .text.deluser_main
                0x000000000041a3b0      0x104 loginutils/lib.a(deluser.o)
                0x000000000041a3b0                deluser_main
 .text.bcode    0x000000000041a4b4       0x80 loginutils/lib.a(getty.o)
 .text.parse_speeds
                0x000000000041a534       0xf8 loginutils/lib.a(getty.o)
 .text.getty_main
                0x000000000041a62c      0xce0 loginutils/lib.a(getty.o)
                0x000000000041a62c                getty_main
 .text.login_main
                0x000000000041b30c      0x6b8 loginutils/lib.a(login.o)
                0x000000000041b30c                login_main
 .text.alarm_handler
                0x000000000041b9c4       0x78 loginutils/lib.a(login.o)
 .text.nuke_str
                0x000000000041ba3c       0x68 loginutils/lib.a(passwd.o)
 .text.passwd_main
                0x000000000041baa4      0x730 loginutils/lib.a(passwd.o)
                0x000000000041baa4                passwd_main
 .text.su_main  0x000000000041c1d4      0x23c loginutils/lib.a(su.o)
                0x000000000041c1d4                su_main
 .text.sulogin_main
                0x000000000041c410      0x408 loginutils/lib.a(sulogin.o)
                0x000000000041c410                sulogin_main
 .text.catchalarm
                0x000000000041c818       0x28 loginutils/lib.a(sulogin.o)
 .text.print_hilite
                0x000000000041c840       0x24 miscutils/lib.a(less.o)
 .text.clear_line
                0x000000000041c864       0x2c miscutils/lib.a(less.o)
 .text.print_statusline
                0x000000000041c890       0x64 miscutils/lib.a(less.o)
 .text.read_lines
                0x000000000041c8f4      0x4b0 miscutils/lib.a(less.o)
 .text.print_ascii
                0x000000000041cda4      0x1c4 miscutils/lib.a(less.o)
 .text.buffer_print
                0x000000000041cf68      0x1c4 miscutils/lib.a(less.o)
 .text.buffer_fill_and_print
                0x000000000041d12c       0xb4 miscutils/lib.a(less.o)
 .text.reinitialize
                0x000000000041d1e0      0x150 miscutils/lib.a(less.o)
 .text.change_file
                0x000000000041d330       0xe4 miscutils/lib.a(less.o)
 .text.buffer_line
                0x000000000041d414       0x90 miscutils/lib.a(less.o)
 .text.buffer_up
                0x000000000041d4a4       0x70 miscutils/lib.a(less.o)
 .text.buffer_down
                0x000000000041d514       0xc4 miscutils/lib.a(less.o)
 .text.set_tty_cooked
                0x000000000041d5d8       0x54 miscutils/lib.a(less.o)
 .text.less_gets
                0x000000000041d62c      0x200 miscutils/lib.a(less.o)
 .text.examine_file
                0x000000000041d82c       0xa8 miscutils/lib.a(less.o)
 .text.less_getch
                0x000000000041d8d4      0x2d8 miscutils/lib.a(less.o)
 .text.less_exit
                0x000000000041dbac       0x98 miscutils/lib.a(less.o)
 .text.less_main
                0x000000000041dc44      0xaf0 miscutils/lib.a(less.o)
                0x000000000041dc44                less_main
 .text.sig_catcher
                0x000000000041e734       0x44 miscutils/lib.a(less.o)
 .text.obj_find_symbol
                0x000000000041e778       0xb4 modutils/lib.a(insmod.o)
 .text.obj_symbol_final_value
                0x000000000041e82c       0x50 modutils/lib.a(insmod.o)
 .text.obj_elf_hash
                0x000000000041e87c       0x88 modutils/lib.a(insmod.o)
 .text.obj_extend_section
                0x000000000041e904       0x64 modutils/lib.a(insmod.o)
 .text.insmod_ng_main
                0x000000000041e968      0x22c modutils/lib.a(insmod.o)
                0x000000000041e968                insmod_ng_main
 .text.obj_load_order_prio
                0x000000000041eb94       0xd8 modutils/lib.a(insmod.o)
 .text.obj_insert_section_load_order
                0x000000000041ec6c       0xac modutils/lib.a(insmod.o)
 .text.obj_find_section
                0x000000000041ed18       0x9c modutils/lib.a(insmod.o)
 .text.obj_symbol_patch
                0x000000000041edb4       0x80 modutils/lib.a(insmod.o)
 .text.arch_new_symbol
                0x000000000041ee34       0x60 modutils/lib.a(insmod.o)
 .text.obj_add_symbol
                0x000000000041ee94      0x2d8 modutils/lib.a(insmod.o)
 .text.arch_new_section
                0x000000000041f16c       0x1c modutils/lib.a(insmod.o)
 .text.obj_create_alloced_section
                0x000000000041f188      0x128 modutils/lib.a(insmod.o)
 .text.obj_load
                0x000000000041f2b0      0x644 modutils/lib.a(insmod.o)
 .text.obj_allocate_commons
                0x000000000041f8f4      0x3a0 modutils/lib.a(insmod.o)
 .text.obj_gpl_license
                0x000000000041fc94      0x140 modutils/lib.a(insmod.o)
 .text.get_modinfo_value
                0x000000000041fdd4      0x150 modutils/lib.a(insmod.o)
 .text.add_symbols_from
                0x000000000041ff24      0x168 modutils/lib.a(insmod.o)
 .text.obj_string_patch
                0x000000000042008c      0x138 modutils/lib.a(insmod.o)
 .text.new_create_module_ksymtab
                0x00000000004201c4      0x310 modutils/lib.a(insmod.o)
 .text.new_add_ksymtab
                0x00000000004204d4      0x138 modutils/lib.a(insmod.o)
 .text.new_process_module_arguments
                0x000000000042060c      0x6f8 modutils/lib.a(insmod.o)
 .text.set_tainted
                0x0000000000420d04      0x134 modutils/lib.a(insmod.o)
 .text.print_load_map
                0x0000000000420e38      0x360 modutils/lib.a(insmod.o)
 .text.insmod_main
                0x0000000000421198     0x1acc modutils/lib.a(insmod.o)
                0x0000000000421198                insmod_main
 .text.check_module_name_match
                0x0000000000422c64      0x100 modutils/lib.a(insmod.o)
 .text.lsmod_main
                0x0000000000422d64      0x378 modutils/lib.a(lsmod.o)
                0x0000000000422d64                lsmod_main
 .text.rmmod_main
                0x00000000004230dc      0x22c modutils/lib.a(rmmod.o)
                0x00000000004230dc                rmmod_main
 .text.arp_main
                0x0000000000423308      0xdb8 networking/lib.a(arp.o)
                0x0000000000423308                arp_main
 .text.ifconfig_main
                0x00000000004240c0      0x778 networking/lib.a(ifconfig.o)
                0x00000000004240c0                ifconfig_main
 .text.get_afntype
                0x0000000000424838       0x40 networking/lib.a(interface.o)
 .text.hexchar2int
                0x0000000000424878       0x3c networking/lib.a(interface.o)
 .text.in_ether
                0x00000000004248b4      0x124 networking/lib.a(interface.o)
 .text.get_hwntype
                0x00000000004249d8       0x40 networking/lib.a(interface.o)
                0x00000000004249d8                get_hwntype
 .text.get_hwtype
                0x0000000000424a18       0x7c networking/lib.a(interface.o)
                0x0000000000424a18                get_hwtype
 .text.get_aftype
                0x0000000000424a94       0x7c networking/lib.a(interface.o)
                0x0000000000424a94                get_aftype
 .text.add_interface
                0x0000000000424b10      0x100 networking/lib.a(interface.o)
 .text.if_readconf
                0x0000000000424c10      0x15c networking/lib.a(interface.o)
 .text.if_readlist_proc
                0x0000000000424d6c      0x408 networking/lib.a(interface.o)
 .text.do_if_fetch
                0x0000000000425174      0x560 networking/lib.a(interface.o)
 .text.print_bytes_scaled
                0x00000000004256d4       0xcc networking/lib.a(interface.o)
 .text.UNSPEC_print
                0x00000000004257a0       0xa4 networking/lib.a(interface.o)
 .text.UNSPEC_sprint
                0x0000000000425844       0x48 networking/lib.a(interface.o)
 .text.INET6_input
                0x000000000042588c       0x1c networking/lib.a(interface.o)
 .text.INET_input
                0x00000000004258a8       0x1c networking/lib.a(interface.o)
 .text.INET_sprint
                0x00000000004258c4       0x98 networking/lib.a(interface.o)
 .text.INET6_sprint
                0x000000000042595c       0x98 networking/lib.a(interface.o)
 .text.ife_print
                0x00000000004259f4      0x950 networking/lib.a(interface.o)
 .text.display_interfaces
                0x0000000000426344      0x1bc networking/lib.a(interface.o)
                0x0000000000426344                display_interfaces
 .text.pr_ether
                0x0000000000426500       0x8c networking/lib.a(interface.o)
 .text.do_info  0x000000000042658c      0x138 networking/lib.a(netstat.o)
 .text.netstat_main
                0x00000000004266c4      0x444 networking/lib.a(netstat.o)
                0x00000000004266c4                netstat_main
 .text.build_ipv4_addr
                0x0000000000426b08       0x50 networking/lib.a(netstat.o)
 .text.unix_do_one
                0x0000000000426b58      0x418 networking/lib.a(netstat.o)
 .text.build_ipv6_addr
                0x0000000000426f70       0xb0 networking/lib.a(netstat.o)
 .text.ip_port_str
                0x0000000000427020      0x12c networking/lib.a(netstat.o)
 .text.raw_do_one
                0x000000000042714c      0x2ac networking/lib.a(netstat.o)
 .text.udp_do_one
                0x00000000004273f8      0x2c8 networking/lib.a(netstat.o)
 .text.tcp_do_one
                0x00000000004276c0      0x254 networking/lib.a(netstat.o)
 .text.in_cksum
                0x0000000000427914       0x6c networking/lib.a(ping.o)
 .text.pingstats
                0x0000000000427980      0x5ec networking/lib.a(ping.o)
 .text.fast_ping
                0x0000000000427f6c      0x178 networking/lib.a(ping.o)
 .text.sendping
                0x00000000004280e4      0x240 networking/lib.a(ping.o)
 .text.unpack   0x0000000000428324      0x658 networking/lib.a(ping.o)
 .text.ping     0x000000000042897c      0x614 networking/lib.a(ping.o)
 .text.ping_main
                0x0000000000428f90      0x238 networking/lib.a(ping.o)
                0x0000000000428f90                ping_main
 .text.ping6_main
                0x00000000004291c8       0x28 networking/lib.a(ping.o)
                0x00000000004291c8                ping6_main
 .text.set_flags
                0x00000000004291f0       0x68 networking/lib.a(route.o)
 .text.kw_lookup
                0x0000000000429258       0xe4 networking/lib.a(route.o)
 .text.bb_displayroutes
                0x000000000042933c      0x394 networking/lib.a(route.o)
                0x000000000042933c                bb_displayroutes
 .text.route_main
                0x00000000004296d0      0xcf0 networking/lib.a(route.o)
                0x00000000004296d0                route_main
 .text.putiac   0x000000000042a3c0       0x30 networking/lib.a(telnet.o)
 .text.fgotsig  0x000000000042a3f0       0x18 networking/lib.a(telnet.o)
 .text.iacflush
                0x000000000042a408       0x4c networking/lib.a(telnet.o)
 .text.putiac2  0x000000000042a454       0xa4 networking/lib.a(telnet.o)
 .text.cookmode
                0x000000000042a4f8       0x3c networking/lib.a(telnet.o)
 .text.rawmode  0x000000000042a534       0x3c networking/lib.a(telnet.o)
 .text.setConMode
                0x000000000042a570       0xc0 networking/lib.a(telnet.o)
 .text.doexit   0x000000000042a630       0x48 networking/lib.a(telnet.o)
 .text.conescape
                0x000000000042a678      0x274 networking/lib.a(telnet.o)
 .text.telnet_main
                0x000000000042a8ec      0xa60 networking/lib.a(telnet.o)
                0x000000000042a8ec                telnet_main
 .text.send_iac
                0x000000000042b34c       0x3c networking/lib.a(telnetd.o)
 .text.make_new_session
                0x000000000042b388      0x44c networking/lib.a(telnetd.o)
 .text.free_session
                0x000000000042b7d4      0x180 networking/lib.a(telnetd.o)
 .text.telnetd_main
                0x000000000042b954      0x884 networking/lib.a(telnetd.o)
                0x000000000042b954                telnetd_main
 .text.base64enc_512
                0x000000000042c1d8       0x7c networking/lib.a(wget.o)
 .text.parse_url
                0x000000000042c254      0x240 networking/lib.a(wget.o)
 .text.gethdr   0x000000000042c494      0x1f0 networking/lib.a(wget.o)
 .text.open_socket
                0x000000000042c684       0x74 networking/lib.a(wget.o)
 .text.safe_fgets
                0x000000000042c6f8       0xc8 networking/lib.a(wget.o)
 .text.alarmtimer
                0x000000000042c7c0       0x50 networking/lib.a(wget.o)
 .text.progressmeter
                0x000000000042c810      0x65c networking/lib.a(wget.o)
 .text.updateprogressmeter
                0x000000000042ce6c       0x5c networking/lib.a(wget.o)
 .text.ftpcmd   0x000000000042cec8      0x13c networking/lib.a(wget.o)
 .text.wget_main
                0x000000000042d004     0x1134 networking/lib.a(wget.o)
                0x000000000042d004                wget_main
 .text.free_main
                0x000000000042e138      0x270 procps/lib.a(free.o)
                0x000000000042e138                free_main
 .text.kill_main
                0x000000000042e3a8      0x49c procps/lib.a(kill.o)
                0x000000000042e3a8                kill_main
 .text.ps_main  0x000000000042e844      0x1c8 procps/lib.a(ps.o)
                0x000000000042e844                ps_main
 .text.dwrite_str
                0x000000000042ea0c       0x5c procps/lib.a(sysctl.o)
 .text.sysctl_write_setting
                0x000000000042ea68      0x2e8 procps/lib.a(sysctl.o)
 .text.sysctl_read_setting
                0x000000000042ed50      0x288 procps/lib.a(sysctl.o)
 .text.sysctl_display_all
                0x000000000042efd8      0x1a8 procps/lib.a(sysctl.o)
 .text.sysctl_main
                0x000000000042f180      0x3c8 procps/lib.a(sysctl.o)
                0x000000000042f180                sysctl_main
 .text.pid_sort
                0x000000000042f548       0x10 procps/lib.a(top.o)
 .text.mem_sort
                0x000000000042f558       0x2c procps/lib.a(top.o)
 .text.pcpu_sort
                0x000000000042f584       0x10 procps/lib.a(top.o)
 .text.time_sort
                0x000000000042f594       0x2c procps/lib.a(top.o)
 .text.mult_lvl_cmp
                0x000000000042f5c0       0x7c procps/lib.a(top.o)
 .text.reset_term
                0x000000000042f63c       0x24 procps/lib.a(top.o)
 .text.fmt_100percent_8
                0x000000000042f660      0x128 procps/lib.a(top.o)
 .text.do_stats
                0x000000000042f788      0x2fc procps/lib.a(top.o)
 .text.display_status
                0x000000000042fa84      0x8c0 procps/lib.a(top.o)
 .text.clearmems
                0x0000000000430344       0x60 procps/lib.a(top.o)
 .text.sig_catcher
                0x00000000004303a4       0x44 procps/lib.a(top.o)
 .text.top_main
                0x00000000004303e8      0x61c procps/lib.a(top.o)
                0x00000000004303e8                top_main
 .text.uptime_main
                0x0000000000430a04      0x23c procps/lib.a(uptime.o)
                0x0000000000430a04                uptime_main
 .text.freecell
                0x0000000000430c40       0x40 shell/lib.a(msh.o)
 .text.freearea
                0x0000000000430c80       0x5c shell/lib.a(msh.o)
 .text.setarea  0x0000000000430cdc       0x14 shell/lib.a(msh.o)
 .text.findeq   0x0000000000430cf0       0x30 shell/lib.a(msh.o)
 .text.export   0x0000000000430d20       0x14 shell/lib.a(msh.o)
 .text.isassign
                0x0000000000430d34       0x6c shell/lib.a(msh.o)
 .text.any      0x0000000000430da0       0x30 shell/lib.a(msh.o)
 .text.anys     0x0000000000430dd0       0x7c shell/lib.a(msh.o)
 .text.gmatch   0x0000000000430e4c      0x1a4 shell/lib.a(msh.o)
 .text.brkset   0x0000000000430ff0       0x24 shell/lib.a(msh.o)
 .text.dolabel  0x0000000000431014        0x8 shell/lib.a(msh.o)
 .text.unquote  0x000000000043101c       0x34 shell/lib.a(msh.o)
 .text.glob3    0x0000000000431050       0x4c shell/lib.a(msh.o)
 .text.glob2    0x000000000043109c       0x40 shell/lib.a(msh.o)
 .text.glob1    0x00000000004310dc      0x248 shell/lib.a(msh.o)
 .text.unget    0x0000000000431324       0x3c shell/lib.a(msh.o)
 .text.nlchar   0x0000000000431360       0x38 shell/lib.a(msh.o)
 .text.wdchar   0x0000000000431398       0x58 shell/lib.a(msh.o)
 .text.xxchar   0x00000000004313f0       0x38 shell/lib.a(msh.o)
 .text.strchar  0x0000000000431428       0x24 shell/lib.a(msh.o)
 .text.qstrchar
                0x000000000043144c       0x2c shell/lib.a(msh.o)
 .text.setsig   0x0000000000431478       0xc4 shell/lib.a(msh.o)
 .text.sig      0x000000000043153c       0x24 shell/lib.a(msh.o)
 .text.closepipe
                0x0000000000431560       0x70 shell/lib.a(msh.o)
 .text.quitenv  0x00000000004315d0       0xc0 shell/lib.a(msh.o)
 .text.closeall
                0x0000000000431690       0x50 shell/lib.a(msh.o)
 .text.closef   0x00000000004316e0       0x30 shell/lib.a(msh.o)
 .text.ioecho   0x0000000000431710       0x54 shell/lib.a(msh.o)
 .text.prs      0x0000000000431764       0x70 shell/lib.a(msh.o)
 .text.fail     0x00000000004317d4       0x2c shell/lib.a(msh.o)
 .text.freehere
                0x0000000000431800       0xcc shell/lib.a(msh.o)
 .text.scraphere
                0x00000000004318cc       0x8c shell/lib.a(msh.o)
 .text.dohelp   0x0000000000431958       0xec shell/lib.a(msh.o)
 .text.getcell  0x0000000000431a44      0x1bc shell/lib.a(msh.o)
 .text.tree     0x0000000000431c00       0x7c shell/lib.a(msh.o)
 .text.newtp    0x0000000000431c7c       0x54 shell/lib.a(msh.o)
 .text.block    0x0000000000431cd0       0x74 shell/lib.a(msh.o)
 .text.list     0x0000000000431d44       0x44 shell/lib.a(msh.o)
 .text.xstrcmp  0x0000000000431d88       0x24 shell/lib.a(msh.o)
 .text.rlookup  0x0000000000431dac       0x80 shell/lib.a(msh.o)
 .text.ronly    0x0000000000431e2c       0x70 shell/lib.a(msh.o)
 .text.rexecve  0x0000000000431e9c      0x20c shell/lib.a(msh.o)
 .text.doumask  0x00000000004320a8      0x1b0 shell/lib.a(msh.o)
 .text.putn     0x0000000000432258       0x1c shell/lib.a(msh.o)
 .text.prn      0x0000000000432274       0x44 shell/lib.a(msh.o)
 .text.dotimes  0x00000000004322b8      0x1d0 shell/lib.a(msh.o)
 .text.herechar
                0x0000000000432488       0x70 shell/lib.a(msh.o)
 .text.remap    0x00000000004324f8      0x120 shell/lib.a(msh.o)
 .text.newfile  0x0000000000432618       0xe0 shell/lib.a(msh.o)
 .text.execute  0x00000000004326f8      0x9cc shell/lib.a(msh.o)
 .text.doexec   0x00000000004330c4       0xe0 shell/lib.a(msh.o)
 .text.run      0x00000000004331a4      0x1e8 shell/lib.a(msh.o)
 .text.doeval   0x000000000043338c       0x38 shell/lib.a(msh.o)
 .text.runtrap  0x00000000004333c4       0x64 shell/lib.a(msh.o)
 .text.leave    0x0000000000433428       0xac shell/lib.a(msh.o)
 .text.readc    0x00000000004334d4      0x23c shell/lib.a(msh.o)
 .text.onintr   0x0000000000433710       0xd0 shell/lib.a(msh.o)
 .text.waitfor  0x00000000004337e0      0x2b0 shell/lib.a(msh.o)
 .text.warn     0x0000000000433a90       0xac shell/lib.a(msh.o)
 .text.err      0x0000000000433b3c       0xe8 shell/lib.a(msh.o)
 .text.openpipe
                0x0000000000433c24       0x68 shell/lib.a(msh.o)
 .text.pushio   0x0000000000433c8c      0x250 shell/lib.a(msh.o)
 .text.dolchar  0x0000000000433edc       0x9c shell/lib.a(msh.o)
 .text.next     0x0000000000433f78       0x30 shell/lib.a(msh.o)
 .text.my_getc  0x0000000000433fa8      0x164 shell/lib.a(msh.o)
 .text.getn     0x000000000043410c       0xd0 shell/lib.a(msh.o)
 .text.brkcontin
                0x00000000004341dc       0xe4 shell/lib.a(msh.o)
 .text.docontinue
                0x00000000004342c0       0x24 shell/lib.a(msh.o)
 .text.dobreak  0x00000000004342e4       0x24 shell/lib.a(msh.o)
 .text.dodot    0x0000000000434308      0x1a0 shell/lib.a(msh.o)
 .text.dochdir  0x00000000004344a8       0xf8 shell/lib.a(msh.o)
 .text.space    0x00000000004345a0       0x6c shell/lib.a(msh.o)
 .text.getwords
                0x000000000043460c       0xbc shell/lib.a(msh.o)
 .text.copyw    0x00000000004346c8       0x4c shell/lib.a(msh.o)
 .text.newword  0x0000000000434714       0x50 shell/lib.a(msh.o)
 .text.addword  0x0000000000434764       0xf4 shell/lib.a(msh.o)
 .text.makenv   0x0000000000434858       0xbc shell/lib.a(msh.o)
 .text.dologin  0x0000000000434914      0x124 shell/lib.a(msh.o)
 .text.word     0x0000000000434a38       0x4c shell/lib.a(msh.o)
 .text.newenv   0x0000000000434a84      0x120 shell/lib.a(msh.o)
 .text.nameval  0x0000000000434ba4      0x214 shell/lib.a(msh.o)
 .text.setval   0x0000000000434db8       0x20 shell/lib.a(msh.o)
 .text.lookup   0x0000000000434dd8      0x280 shell/lib.a(msh.o)
 .text.grave    0x0000000000435058      0x70c shell/lib.a(msh.o)
 .text.doread   0x0000000000435764      0x1c8 shell/lib.a(msh.o)
 .text.doshift  0x000000000043592c      0x120 shell/lib.a(msh.o)
 .text.setstatus
                0x0000000000435a4c       0x94 shell/lib.a(msh.o)
 .text.doexit   0x0000000000435ae0       0x7c shell/lib.a(msh.o)
 .text.dowait   0x0000000000435b5c       0x94 shell/lib.a(msh.o)
 .text.setdash  0x0000000000435bf0       0x9c shell/lib.a(msh.o)
 .text.doset    0x0000000000435c8c      0x2c4 shell/lib.a(msh.o)
 .text.assign   0x0000000000435f50      0x138 shell/lib.a(msh.o)
 .text.rdexp    0x0000000000436088      0x2c0 shell/lib.a(msh.o)
 .text.doreadonly
                0x0000000000436348       0x4c shell/lib.a(msh.o)
 .text.doexport
                0x0000000000436394       0x4c shell/lib.a(msh.o)
 .text.strsave  0x00000000004363e0       0xb4 shell/lib.a(msh.o)
 .text.readhere
                0x0000000000436494      0x30c shell/lib.a(msh.o)
 .text.subgetc  0x00000000004367a0      0x5ec shell/lib.a(msh.o)
 .text.herein   0x0000000000436d8c      0x218 shell/lib.a(msh.o)
 .text.expand   0x0000000000436fa4      0xd9c shell/lib.a(msh.o)
 .text.evalstr  0x0000000000437d40       0xa8 shell/lib.a(msh.o)
 .text.find1case
                0x0000000000437de8       0xe8 shell/lib.a(msh.o)
 .text.eval     0x0000000000437ed0      0x2cc shell/lib.a(msh.o)
 .text.dotrap   0x000000000043819c      0x270 shell/lib.a(msh.o)
 .text.yylex    0x000000000043840c      0x688 shell/lib.a(msh.o)
 .text.yyerror  0x0000000000438a94      0x108 shell/lib.a(msh.o)
 .text.collect  0x0000000000438b9c      0x184 shell/lib.a(msh.o)
 .text.zzerr    0x0000000000438d20       0x30 shell/lib.a(msh.o)
 .text.musthave
                0x0000000000438d50       0x6c shell/lib.a(msh.o)
 .text.synio    0x0000000000438dbc      0x210 shell/lib.a(msh.o)
 .text.pipeline
                0x0000000000438fcc      0x138 shell/lib.a(msh.o)
 .text.andor    0x0000000000439104      0x11c shell/lib.a(msh.o)
 .text.c_list   0x0000000000439220      0x1c0 shell/lib.a(msh.o)
 .text.thenpart
                0x00000000004393e0      0x178 shell/lib.a(msh.o)
 .text.dogroup  0x0000000000439558       0xb8 shell/lib.a(msh.o)
 .text.nested   0x0000000000439610       0xac shell/lib.a(msh.o)
 .text.command  0x00000000004396bc      0x884 shell/lib.a(msh.o)
 .text.yyparse  0x0000000000439f40       0x80 shell/lib.a(msh.o)
 .text.forkexec
                0x0000000000439fc0      0xacc shell/lib.a(msh.o)
 .text.onecommand
                0x000000000043aa8c      0x370 shell/lib.a(msh.o)
 .text.msh_main
                0x000000000043adfc      0xb50 shell/lib.a(msh.o)
                0x000000000043adfc                msh_main
 .text.filechar
                0x000000000043b94c      0x224 shell/lib.a(msh.o)
 .text.linechar
                0x000000000043bb70       0x98 shell/lib.a(msh.o)
 .text.qgravechar
                0x000000000043bc08      0x110 shell/lib.a(msh.o)
 .text.gravechar
                0x000000000043bd18       0x58 shell/lib.a(msh.o)
 .text.klogd_main
                0x000000000043bd70      0x2d8 sysklogd/lib.a(klogd.o)
                0x000000000043bd70                klogd_main
 .text.klogd_signal
                0x000000000043c048       0x84 sysklogd/lib.a(klogd.o)
 .text.decode   0x000000000043c0cc       0xa8 sysklogd/lib.a(logger.o)
 .text.logger_main
                0x000000000043c174      0x2ec sysklogd/lib.a(logger.o)
                0x000000000043c174                logger_main
 .text.error_exit
                0x000000000043c460       0x4c sysklogd/lib.a(logread.o)
 .text.sem_up   0x000000000043c4ac       0x64 sysklogd/lib.a(logread.o)
 .text.logread_main
                0x000000000043c510      0x350 sysklogd/lib.a(logread.o)
                0x000000000043c510                logread_main
 .text.interrupted
                0x000000000043c860       0x5c sysklogd/lib.a(logread.o)
 .text.log_locally
                0x000000000043c8bc      0x4a4 sysklogd/lib.a(syslogd.o)
 .text.timestamp_and_log
                0x000000000043cd60      0x248 sysklogd/lib.a(syslogd.o)
 .text.quit_signal
                0x000000000043cfa8       0xec sysklogd/lib.a(syslogd.o)
 .text.syslogd_main
                0x000000000043d094      0x8d4 sysklogd/lib.a(syslogd.o)
                0x000000000043d094                syslogd_main
 .text.dmesg_main
                0x000000000043d968      0x260 util-linux/lib.a(dmesg.o)
                0x000000000043d968                dmesg_main
 .text.str_units
                0x000000000043dbc8       0x6c util-linux/lib.a(fdisk.o)
 .text.valid_part_table_flag
                0x000000000043dc34       0x2c util-linux/lib.a(fdisk.o)
 .text.store4_little_endian
                0x000000000043dc60       0x20 util-linux/lib.a(fdisk.o)
 .text.read4_little_endian
                0x000000000043dc80       0x2c util-linux/lib.a(fdisk.o)
 .text.set_start_sect
                0x000000000043dcac       0x20 util-linux/lib.a(fdisk.o)
 .text.get_start_sect
                0x000000000043dccc       0x20 util-linux/lib.a(fdisk.o)
 .text.set_nr_sects
                0x000000000043dcec       0x20 util-linux/lib.a(fdisk.o)
 .text.get_nr_sects
                0x000000000043dd0c       0x20 util-linux/lib.a(fdisk.o)
 .text.get_partition_start
                0x000000000043dd2c       0x50 util-linux/lib.a(fdisk.o)
 .text.is_dos_partition
                0x000000000043dd7c       0xd4 util-linux/lib.a(fdisk.o)
 .text.get_sys_types
                0x000000000043de50       0x18 util-linux/lib.a(fdisk.o)
 .text.partition_type
                0x000000000043de68       0x80 util-linux/lib.a(fdisk.o)
 .text.is_cleared_partition
                0x000000000043dee8       0xf8 util-linux/lib.a(fdisk.o)
 .text.set_partition
                0x000000000043dfe0      0x36c util-linux/lib.a(fdisk.o)
 .text.update_units
                0x000000000043e34c       0x54 util-linux/lib.a(fdisk.o)
 .text.linear2chs
                0x000000000043e3a0       0x7c util-linux/lib.a(fdisk.o)
 .text.wrong_p_order
                0x000000000043e41c      0x12c util-linux/lib.a(fdisk.o)
 .text.fill_bounds
                0x000000000043e548      0x164 util-linux/lib.a(fdisk.o)
 .text.menu     0x000000000043e6ac      0x1dc util-linux/lib.a(fdisk.o)
 .text.unknown_command
                0x000000000043e888       0x24 util-linux/lib.a(fdisk.o)
 .text.list_disk_geometry
                0x000000000043e8ac      0x21c util-linux/lib.a(fdisk.o)
 .text.check_consistency
                0x000000000043eac8      0x318 util-linux/lib.a(fdisk.o)
 .text.x_list_table
                0x000000000043ede0      0x200 util-linux/lib.a(fdisk.o)
 .text.warn_cylinders
                0x000000000043efe0       0x74 util-linux/lib.a(fdisk.o)
 .text.warn_geometry
                0x000000000043f054      0x148 util-linux/lib.a(fdisk.o)
 .text.list_types
                0x000000000043f19c      0x1cc util-linux/lib.a(fdisk.o)
 .text.clear_partition
                0x000000000043f368       0x2c util-linux/lib.a(fdisk.o)
 .text.delete_partition
                0x000000000043f394      0x3a8 util-linux/lib.a(fdisk.o)
 .text.fdisk_fatal
                0x000000000043f73c       0x74 util-linux/lib.a(fdisk.o)
 .text.seek_sector
                0x000000000043f7b0       0x98 util-linux/lib.a(fdisk.o)
 .text.get_boot
                0x000000000043f848      0xad8 util-linux/lib.a(fdisk.o)
 .text.create_doslabel
                0x0000000000440320       0xe4 util-linux/lib.a(fdisk.o)
 .text.read_line
                0x0000000000440404       0xd8 util-linux/lib.a(fdisk.o)
 .text.read_nonempty
                0x00000000004404dc       0x68 util-linux/lib.a(fdisk.o)
 .text.read_int
                0x0000000000440544      0x3d8 util-linux/lib.a(fdisk.o)
 .text.get_partition
                0x000000000044091c       0xc0 util-linux/lib.a(fdisk.o)
 .text.get_nonexisting_partition
                0x00000000004409dc      0x138 util-linux/lib.a(fdisk.o)
 .text.get_existing_partition
                0x0000000000440b14      0x138 util-linux/lib.a(fdisk.o)
 .text.add_partition
                0x0000000000440c4c      0xc50 util-linux/lib.a(fdisk.o)
 .text.add_logical
                0x000000000044189c      0x104 util-linux/lib.a(fdisk.o)
 .text.verify   0x00000000004419a0      0x81c util-linux/lib.a(fdisk.o)
 .text.list_table
                0x00000000004421bc      0x5a4 util-linux/lib.a(fdisk.o)
 .text.trydev   0x0000000000442760      0x2fc util-linux/lib.a(fdisk.o)
 .text.write_table
                0x0000000000442a5c      0x1e8 util-linux/lib.a(fdisk.o)
 .text.fdisk_main
                0x0000000000442c44     0x167c util-linux/lib.a(fdisk.o)
                0x0000000000442c44                fdisk_main
 .text.minix_bit
                0x00000000004442c0       0x20 util-linux/lib.a(fsck_minix.o)
 .text.minix_setbit
                0x00000000004442e0       0x3c util-linux/lib.a(fsck_minix.o)
 .text.minix_clrbit
                0x000000000044431c       0x40 util-linux/lib.a(fsck_minix.o)
 .text.pop_filename
                0x000000000044435c       0x68 util-linux/lib.a(fsck_minix.o)
 .text.ask      0x00000000004443c4      0x228 util-linux/lib.a(fsck_minix.o)
 .text.check_zone_nr2
                0x00000000004445ec      0x110 util-linux/lib.a(fsck_minix.o)
 .text.add_zone2
                0x00000000004446fc      0x1c8 util-linux/lib.a(fsck_minix.o)
 .text.check_zone_nr
                0x00000000004448c4       0x54 util-linux/lib.a(fsck_minix.o)
 .text.add_zone
                0x0000000000444918      0x1c8 util-linux/lib.a(fsck_minix.o)
 .text.die      0x0000000000444ae0       0x6c util-linux/lib.a(fsck_minix.o)
 .text.bad_zone
                0x0000000000444b4c       0xb4 util-linux/lib.a(fsck_minix.o)
 .text.read_block
                0x0000000000444c00      0x120 util-linux/lib.a(fsck_minix.o)
 .text.write_super_block
                0x0000000000444d20       0xec util-linux/lib.a(fsck_minix.o)
 .text.write_block
                0x0000000000444e0c      0x170 util-linux/lib.a(fsck_minix.o)
 .text.add_zone_ind2
                0x0000000000444f7c       0xf4 util-linux/lib.a(fsck_minix.o)
 .text.add_zone_dind2
                0x0000000000445070       0xf8 util-linux/lib.a(fsck_minix.o)
 .text.check_zones2
                0x0000000000445168      0x1dc util-linux/lib.a(fsck_minix.o)
 .text.add_zone_ind
                0x0000000000445344       0xf4 util-linux/lib.a(fsck_minix.o)
 .text.check_zones
                0x0000000000445438      0x1c0 util-linux/lib.a(fsck_minix.o)
 .text.push_filename
                0x00000000004455f8       0xb0 util-linux/lib.a(fsck_minix.o)
 .text.recursive_check2
                0x00000000004456a8      0x864 util-linux/lib.a(fsck_minix.o)
 .text.recursive_check
                0x0000000000445f0c      0x714 util-linux/lib.a(fsck_minix.o)
 .text.fsck_minix_main
                0x0000000000446620     0x15f4 util-linux/lib.a(fsck_minix.o)
                0x0000000000446620                fsck_minix_main
 .text.minix_bit
                0x0000000000447c14       0x20 util-linux/lib.a(mkfs_minix.o)
 .text.minix_setbit
                0x0000000000447c34       0x24 util-linux/lib.a(mkfs_minix.o)
 .text.minix_clrbit
                0x0000000000447c58       0x28 util-linux/lib.a(mkfs_minix.o)
 .text.next     0x0000000000447c80       0xe8 util-linux/lib.a(mkfs_minix.o)
 .text.get_free_block
                0x0000000000447d68      0x160 util-linux/lib.a(mkfs_minix.o)
 .text.valid_offset
                0x0000000000447ec8       0x6c util-linux/lib.a(mkfs_minix.o)
 .text.alarm_intr
                0x0000000000447f34       0xec util-linux/lib.a(mkfs_minix.o)
 .text.write_block
                0x0000000000448020       0x6c util-linux/lib.a(mkfs_minix.o)
 .text.mkfs_minix_main
                0x000000000044808c     0x125c util-linux/lib.a(mkfs_minix.o)
                0x000000000044808c                mkfs_minix_main
 .text.more_main
                0x00000000004492e8      0x644 util-linux/lib.a(more.o)
                0x00000000004492e8                more_main
 .text.gotsig   0x000000000044992c       0xb4 util-linux/lib.a(more.o)
 .text.append_mount_options
                0x00000000004499e0      0x1a4 util-linux/lib.a(mount.o)
 .text.parse_mount_options
                0x0000000000449b84      0x19c util-linux/lib.a(mount.o)
 .text.error_msg_rpc
                0x0000000000449d20       0x9c util-linux/lib.a(mount.o)
 .text.mount_it_now
                0x0000000000449dbc      0x108 util-linux/lib.a(mount.o)
 .text.nfs_strerror
                0x0000000000449ec4       0xa0 util-linux/lib.a(mount.o)
 .text.daemonize
                0x0000000000449f64      0x14c util-linux/lib.a(mount.o)
 .text.xdr_fhstatus
                0x000000000044a0b0       0x7c util-linux/lib.a(mount.o)
 .text.xdr_mountres3
                0x000000000044a12c       0xcc util-linux/lib.a(mount.o)
 .text.xdr_dirpath
                0x000000000044a1f8       0x3c util-linux/lib.a(mount.o)
 .text.singlemount
                0x000000000044a234     0x19f0 util-linux/lib.a(mount.o)
 .text.mount_main
                0x000000000044bc24      0x644 util-linux/lib.a(mount.o)
                0x000000000044bc24                mount_main
 .text.pivot_root_main
                0x000000000044c268       0x70 util-linux/lib.a(pivot_root.o)
                0x000000000044c268                pivot_root_main
 .text.socket_timeout
                0x000000000044c2d8       0x2c util-linux/lib.a(rdate.o)
 .text.rdate_main
                0x000000000044c304      0x22c util-linux/lib.a(rdate.o)
                0x000000000044c304                rdate_main
 .text.swap_enable_disable
                0x000000000044c530       0xb4 util-linux/lib.a(swaponoff.o)
 .text.swap_on_off_main
                0x000000000044c5e4      0x16c util-linux/lib.a(swaponoff.o)
                0x000000000044c5e4                swap_on_off_main
 .text.umount_main
                0x000000000044c750      0x468 util-linux/lib.a(umount.o)
                0x000000000044c750                umount_main
 .text.askpass_timeout
                0x000000000044cbb8        0x8 libbb/lib.a(bb_askpass.o)
 .text.bb_askpass
                0x000000000044cbc0      0x2ac libbb/lib.a(bb_askpass.o)
                0x000000000044cbc0                bb_askpass
 .text.bb_do_delay
                0x000000000044ce6c       0xc4 libbb/lib.a(bb_do_delay.o)
                0x000000000044ce6c                bb_do_delay
 .text.change_identity_e2str
                0x000000000044cf30       0xa8 libbb/lib.a(change_identity.o)
                0x000000000044cf30                change_identity_e2str
 .text.change_identity
                0x000000000044cfd8       0x58 libbb/lib.a(change_identity.o)
                0x000000000044cfd8                change_identity
 .text.correct_password
                0x000000000044d030       0xf0 libbb/lib.a(correct_password.o)
                0x000000000044d030                correct_password
 .text.create_icmp_socket
                0x000000000044d120       0xe0 libbb/lib.a(create_icmp_socket.o)
                0x000000000044d120                create_icmp_socket
 .text.i64c     0x000000000044d200       0x48 libbb/lib.a(crypt_make_salt.o)
 .text.crypt_make_salt
                0x000000000044d248      0x108 libbb/lib.a(crypt_make_salt.o)
                0x000000000044d248                crypt_make_salt
 .text.device_open
                0x000000000044d350       0xbc libbb/lib.a(device_open.o)
                0x000000000044d350                device_open
 .text.find_pid_by_name
                0x000000000044d40c      0x134 libbb/lib.a(find_pid_by_name.o)
                0x000000000044d40c                find_pid_by_name
 .text.bb_herror_msg
                0x000000000044d540       0x88 libbb/lib.a(herror_msg.o)
                0x000000000044d540                bb_herror_msg
 .text.bb_herror_msg_and_die
                0x000000000044d5c8       0x88 libbb/lib.a(herror_msg_and_die.o)
                0x000000000044d5c8                bb_herror_msg_and_die
 .text.INET6_rresolve
                0x000000000044d650      0x158 libbb/lib.a(inet_common.o)
                0x000000000044d650                INET6_rresolve
 .text.INET6_resolve
                0x000000000044d7a8      0x11c libbb/lib.a(inet_common.o)
                0x000000000044d7a8                INET6_resolve
 .text.INET_rresolve
                0x000000000044d8c4      0x24c libbb/lib.a(inet_common.o)
                0x000000000044d8c4                INET_rresolve
 .text.INET_resolve
                0x000000000044db10       0xd4 libbb/lib.a(inet_common.o)
                0x000000000044db10                INET_resolve
 .text.bb_info_msg
                0x000000000044dbe4       0xc4 libbb/lib.a(info_msg.o)
                0x000000000044dbe4                bb_info_msg
 .text.get_linux_version_code
                0x000000000044dca8       0xd0 libbb/lib.a(kernel_version.o)
                0x000000000044dca8                get_linux_version_code
 .text.new_line_input_t
                0x000000000044dd78       0x44 libbb/lib.a(lineedit.o)
                0x000000000044dd78                new_line_input_t
 .text.put_prompt
                0x000000000044ddbc       0x7c libbb/lib.a(lineedit.o)
 .text.beep     0x000000000044de38       0x70 libbb/lib.a(lineedit.o)
 .text.cmdedit_set_out_char
                0x000000000044dea8      0x1ec libbb/lib.a(lineedit.o)
 .text.input_end
                0x000000000044e094       0x74 libbb/lib.a(lineedit.o)
 .text.goto_new_line
                0x000000000044e108       0xc4 libbb/lib.a(lineedit.o)
 .text.match_compare
                0x000000000044e1cc       0x24 libbb/lib.a(lineedit.o)
 .text.get_previous_history
                0x000000000044e1f0       0xf4 libbb/lib.a(lineedit.o)
 .text.get_next_history
                0x000000000044e2e4       0xb8 libbb/lib.a(lineedit.o)
 .text.add_quote_for_spec_chars
                0x000000000044e39c       0xd0 libbb/lib.a(lineedit.o)
 .text.input_backward
                0x000000000044e46c       0xe4 libbb/lib.a(lineedit.o)
 .text.input_delete
                0x000000000044e550       0xd8 libbb/lib.a(lineedit.o)
 .text.input_backspace
                0x000000000044e628       0x70 libbb/lib.a(lineedit.o)
 .text.redraw   0x000000000044e698      0x11c libbb/lib.a(lineedit.o)
 .text.input_tab
                0x000000000044e7b4     0x1334 libbb/lib.a(lineedit.o)
 .text.win_changed
                0x000000000044fae8      0x10c libbb/lib.a(lineedit.o)
 .text.read_line_input
                0x000000000044fbf4      0x8e8 libbb/lib.a(lineedit.o)
                0x000000000044fbf4                read_line_input
 .text.print_login_prompt
                0x00000000004504dc       0x9c libbb/lib.a(login.o)
                0x00000000004504dc                print_login_prompt
 .text.print_login_issue
                0x0000000000450578      0x3bc libbb/lib.a(login.o)
                0x0000000000450578                print_login_issue
 .text.del_loop
                0x0000000000450934       0x8c libbb/lib.a(loop.o)
                0x0000000000450934                del_loop
 .text.set_loop
                0x00000000004509c0      0x3a4 libbb/lib.a(loop.o)
                0x00000000004509c0                set_loop
 .text.match_fstype
                0x0000000000450d64      0x104 libbb/lib.a(match_fstype.o)
                0x0000000000450d64                match_fstype
 .text.string_checker_helper
                0x0000000000450e68       0x94 libbb/lib.a(obscure.o)
 .text.string_checker
                0x0000000000450efc      0x138 libbb/lib.a(obscure.o)
 .text.obscure  0x0000000000451034      0x2c8 libbb/lib.a(obscure.o)
                0x0000000000451034                obscure
 .text.write_pidfile
                0x00000000004512fc      0x104 libbb/lib.a(pidfile.o)
                0x00000000004512fc                write_pidfile
 .text.pw_encrypt
                0x0000000000451400       0x8c libbb/lib.a(pw_encrypt.o)
                0x0000000000451400                pw_encrypt
 .text.run_shell
                0x000000000045148c      0x14c libbb/lib.a(run_shell.o)
                0x000000000045148c                run_shell
 .text.setup_environment
                0x00000000004515d8      0x22c libbb/lib.a(setup_environment.o)
                0x00000000004515d8                setup_environment
 .text.bb_simplify_path
                0x0000000000451804      0x178 libbb/lib.a(simplify_path.o)
                0x0000000000451804                bb_simplify_path
 .text.tty_baud_to_value
                0x000000000045197c       0x7c libbb/lib.a(speed_table.o)
                0x000000000045197c                tty_baud_to_value
 .text.tty_value_to_baud
                0x00000000004519f8       0x80 libbb/lib.a(speed_table.o)
                0x00000000004519f8                tty_value_to_baud
 .text.str_tolower
                0x0000000000451a78       0x4c libbb/lib.a(str_tolower.o)
                0x0000000000451a78                str_tolower
 .text.monotonic_sec
                0x0000000000451ac4       0x1c libbb/lib.a(time.o)
                0x0000000000451ac4                monotonic_sec
 .text.trim     0x0000000000451ae0       0xc4 libbb/lib.a(trim.o)
                0x0000000000451ae0                trim
 .text.get_signame
                0x0000000000451ba4       0x54 libbb/lib.a(u_signal_names.o)
                0x0000000000451ba4                get_signame
 .text.get_signum
                0x0000000000451bf8       0xe0 libbb/lib.a(u_signal_names.o)
                0x0000000000451bf8                get_signum
 .text.update_passwd
                0x0000000000451cd8      0x4f0 libbb/lib.a(update_passwd.o)
                0x0000000000451cd8                update_passwd
 .text.bb_uuencode
                0x00000000004521c8       0xc8 libbb/lib.a(uuencode.o)
                0x00000000004521c8                bb_uuencode
 .text.set_nport
                0x0000000000452290       0x2c libbb/lib.a(xconnect.o)
                0x0000000000452290                set_nport
 .text.sockaddr2str
                0x00000000004522bc      0x124 libbb/lib.a(xconnect.o)
 .text.xmalloc_sockaddr2dotted_noport
                0x00000000004523e0       0x20 libbb/lib.a(xconnect.o)
                0x00000000004523e0                xmalloc_sockaddr2dotted_noport
 .text.xmalloc_sockaddr2dotted
                0x0000000000452400       0x20 libbb/lib.a(xconnect.o)
                0x0000000000452400                xmalloc_sockaddr2dotted
 .text.xmalloc_sockaddr2host_noport
                0x0000000000452420       0x20 libbb/lib.a(xconnect.o)
                0x0000000000452420                xmalloc_sockaddr2host_noport
 .text.xsocket_type
                0x0000000000452440       0xd4 libbb/lib.a(xconnect.o)
                0x0000000000452440                xsocket_type
 .text.str2sockaddr
                0x0000000000452514      0x280 libbb/lib.a(xconnect.o)
 .text.xdotted2sockaddr
                0x0000000000452794       0x20 libbb/lib.a(xconnect.o)
                0x0000000000452794                xdotted2sockaddr
 .text.xhost2sockaddr
                0x00000000004527b4       0x20 libbb/lib.a(xconnect.o)
                0x00000000004527b4                xhost2sockaddr
 .text.host2sockaddr
                0x00000000004527d4       0x20 libbb/lib.a(xconnect.o)
                0x00000000004527d4                host2sockaddr
 .text.bb_lookup_port
                0x00000000004527f4       0xe4 libbb/lib.a(xconnect.o)
                0x00000000004527f4                bb_lookup_port
 .text.xconnect
                0x00000000004528d8       0x9c libbb/lib.a(xconnect.o)
                0x00000000004528d8                xconnect
 .text.xconnect_stream
                0x0000000000452974       0x70 libbb/lib.a(xconnect.o)
                0x0000000000452974                xconnect_stream
 .text.setsockopt_reuseaddr
                0x00000000004529e4       0x48 libbb/lib.a(xconnect.o)
                0x00000000004529e4                setsockopt_reuseaddr
 .text.create_and_connect_stream_or_die
                0x0000000000452a2c       0xb0 libbb/lib.a(xconnect.o)
                0x0000000000452a2c                create_and_connect_stream_or_die
 .text.create_and_bind_or_die
                0x0000000000452adc      0x118 libbb/lib.a(xconnect.o)
 .text.create_and_bind_stream_or_die
                0x0000000000452bf4       0x20 libbb/lib.a(xconnect.o)
                0x0000000000452bf4                create_and_bind_stream_or_die
 .text.xgethostbyname
                0x0000000000452c14       0x5c libbb/lib.a(xgethostbyname.o)
                0x0000000000452c14                xgethostbyname
 .text          0x0000000000452c70      0x660 /projects/hnd/tools/linux/hndtools-mipsel-linux-uclibc-4.2.3/lib/gcc/mipsel-linux-uclibc/4.2.3/libgcc.a(_divdi3.o)
                0x0000000000452c70                __divdi3
 .text          0x00000000004532d0      0x5e0 /projects/hnd/tools/linux/hndtools-mipsel-linux-uclibc-4.2.3/lib/gcc/mipsel-linux-uclibc/4.2.3/libgcc.a(_udivdi3.o)
                0x00000000004532d0                __udivdi3
 .text          0x00000000004538b0      0x5a0 /projects/hnd/tools/linux/hndtools-mipsel-linux-uclibc-4.2.3/lib/gcc/mipsel-linux-uclibc/4.2.3/libgcc.a(_umoddi3.o)
                0x00000000004538b0                __umoddi3
 .text          0x0000000000453e50       0x30 /projects/hnd/tools/linux/hndtools-mipsel-linux-uclibc-4.2.3/lib/uclibc_nonshared.a(atexit.os)
                0x0000000000453e50                atexit
 .text          0x0000000000453e80       0x60 /projects/hnd/tools/linux/hndtools-mipsel-linux-uclibc-4.2.3/lib/gcc/mipsel-linux-uclibc/4.2.3/crtend.o
 *(.text.*personality*)
 *(.gnu.warning)
 *(.mips16.fn.*)
 *(.mips16.call.*)

.MIPS.stubs     0x0000000000453ee0     0x1090
 .MIPS.stubs    0x0000000000453ee0     0x1090 /projects/hnd/tools/linux/hndtools-mipsel-linux-uclibc-4.2.3/lib/gcc/mipsel-linux-uclibc/4.2.3/../../../../mipsel-linux-uclibc/lib/crt1.o
                0x0000000000453ee0                longjmp
                0x0000000000453ef0                strcpy
                0x0000000000453f00                setrlimit64
                0x0000000000453f10                unsetenv
                0x0000000000453f20                mkstemp64
                0x0000000000453f30                waitpid
                0x0000000000453f40                ioctl
                0x0000000000453f50                getgid
                0x0000000000453f60                sysconf
                0x0000000000453f70                printf
                0x0000000000453f80                utime
                0x0000000000453f90                recv
                0x0000000000453fa0                connect
                0x0000000000453fb0                sigemptyset
                0x0000000000453fc0                shmctl
                0x0000000000453fd0                strerror
                0x0000000000453fe0                geteuid
                0x0000000000453ff0                inet_pton
                0x0000000000454000                __xpg_basename
                0x0000000000454010                memmove
                0x0000000000454020                getopt_long
                0x0000000000454030                snprintf
                0x0000000000454040                syscall
                0x0000000000454050                mknod
                0x0000000000454060                ftello64
                0x0000000000454070                getgrgid
                0x0000000000454080                clnt_spcreateerror
                0x0000000000454090                times
                0x00000000004540a0                statfs64
                0x00000000004540b0                authunix_create_default
                0x00000000004540c0                getenv
                0x00000000004540d0                fchmod
                0x00000000004540e0                getegid
                0x00000000004540f0                bsearch
                0x0000000000454100                usleep
                0x0000000000454110                execve
                0x0000000000454120                getprotobyname
                0x0000000000454130                semget
                0x0000000000454140                getpid
                0x0000000000454150                qsort
                0x0000000000454160                fchown
                0x0000000000454170                fscanf
                0x0000000000454180                fgets
                0x0000000000454190                dirname
                0x00000000004541a0                fcntl64
                0x00000000004541b0                fchdir
                0x00000000004541c0                shmat
                0x00000000004541d0                memcpy
                0x00000000004541e0                setitimer
                0x00000000004541f0                pmap_getport
                0x0000000000454200                execl
                0x0000000000454210                perror
                0x0000000000454220                readlink
                0x0000000000454230                puts
                0x0000000000454240                dup2
                0x0000000000454250                islower
                0x0000000000454260                tcflush
                0x0000000000454270                tolower
                0x0000000000454280                getuid
                0x0000000000454290                semctl
                0x00000000004542a0                system
                0x00000000004542b0                feof
                0x00000000004542c0                malloc
                0x00000000004542d0                isatty
                0x00000000004542e0                sleep
                0x00000000004542f0                sysinfo
                0x0000000000454300                strtoll
                0x0000000000454310                recvfrom
                0x0000000000454320                xdr_bytes
                0x0000000000454330                pivot_root
                0x0000000000454340                strtoul
                0x0000000000454350                gethostbyaddr
                0x0000000000454360                rmdir
                0x0000000000454370                socket
                0x0000000000454380                select
                0x0000000000454390                init_module
                0x00000000004543a0                delete_module
                0x00000000004543b0                isspace
                0x00000000004543c0                fflush
                0x00000000004543d0                creat64
                0x00000000004543e0                realpath
                0x00000000004543f0                putenv
                0x0000000000454400                sigaddset
                0x0000000000454410                clearenv
                0x0000000000454420                strncasecmp
                0x0000000000454430                getdomainname
                0x0000000000454440                freeaddrinfo
                0x0000000000454450                __fgetc_unlocked
                0x0000000000454460                abort
                0x0000000000454470                chmod
                0x0000000000454480                getnameinfo
                0x0000000000454490                fstat64
                0x00000000004544a0                alarm
                0x00000000004544b0                strtol
                0x00000000004544c0                pipe
                0x00000000004544d0                strnlen
                0x00000000004544e0                uname
                0x00000000004544f0                accept
                0x0000000000454500                rename